Component: ARM Compiler 5.06 update 6 (build 750) Tool: armlink [4d35ed]

==============================================================================

Section Cross References

    main.o(i.Error_Handler) refers to _printf_pad.o(.text) for _printf_pre_padding
    main.o(i.Error_Handler) refers to _printf_percent.o(.ARM.Collect$$_printf_percent$$00000000) for _printf_percent
    main.o(i.Error_Handler) refers to _printf_p.o(.ARM.Collect$$_printf_percent$$00000002) for _printf_p
    main.o(i.Error_Handler) refers to _printf_s.o(.ARM.Collect$$_printf_percent$$00000014) for _printf_s
    main.o(i.Error_Handler) refers to _printf_n.o(.ARM.Collect$$_printf_percent$$00000001) for _printf_n
    main.o(i.Error_Handler) refers to _printf_charcount.o(.text) for _printf_charcount
    main.o(i.Error_Handler) refers to _printf_hex_ptr.o(.text) for _printf_longlong_hex
    main.o(i.Error_Handler) refers to _printf_str.o(.text) for _printf_str
    main.o(i.Error_Handler) refers to __2printf.o(.text) for __2printf
    main.o(i.HAL_GetTick) refers to rtx_kernel.o(.text.osKernelGetState) for osKernelGetState
    main.o(i.HAL_GetTick) refers to rtx_kernel.o(.text.osKernelGetTickCount) for osKernelGetTickCount
    main.o(i.HAL_GetTick) refers to system_stm32f4xx.o(.data) for SystemCoreClock
    main.o(i.HAL_GetTick) refers to main.o(.data) for ticks
    main.o(i.SystemClock_Config) refers to rt_memclr_w.o(.text) for __aeabi_memclr4
    main.o(i.SystemClock_Config) refers to stm32f4xx_hal_rcc.o(i.HAL_RCC_OscConfig) for HAL_RCC_OscConfig
    main.o(i.SystemClock_Config) refers to main.o(i.Error_Handler) for Error_Handler
    main.o(i.SystemClock_Config) refers to stm32f4xx_hal_pwr_ex.o(i.HAL_PWREx_EnableOverDrive) for HAL_PWREx_EnableOverDrive
    main.o(i.SystemClock_Config) refers to stm32f4xx_hal_rcc.o(i.HAL_RCC_ClockConfig) for HAL_RCC_ClockConfig
    main.o(i.main) refers to watchdog.o(i.init_Watchdog) for init_Watchdog
    main.o(i.main) refers to main.o(i.Error_Handler) for Error_Handler
    main.o(i.main) refers to stm32f4xx_hal.o(i.HAL_Init) for HAL_Init
    main.o(i.main) refers to main.o(i.SystemClock_Config) for SystemClock_Config
    main.o(i.main) refers to system_stm32f4xx.o(i.SystemCoreClockUpdate) for SystemCoreClockUpdate
    main.o(i.main) refers to joystick.o(i.Init_GPIO) for Init_GPIO
    main.o(i.main) refers to speaker.o(i.init_speaker) for init_speaker
    main.o(i.main) refers to delay.o(i.Init_Delay) for Init_Delay
    main.o(i.main) refers to usart.o(i.init_USART) for init_USART
    main.o(i.main) refers to rtx_kernel.o(.text.osKernelInitialize) for osKernelInitialize
    main.o(i.main) refers to rtx_thread.o(.text.osThreadNew) for osThreadNew
    main.o(i.main) refers to rtx_kernel.o(.text.osKernelStart) for osKernelStart
    main.o(i.main) refers to thread.o(.constdata) for app_main_attr
    main.o(i.main) refers to thread.o(i.app_main) for app_main
    stm32f4xx_it.o(i.EXTI15_10_IRQHandler) refers to stm32f4xx_hal_gpio.o(i.HAL_GPIO_EXTI_IRQHandler) for HAL_GPIO_EXTI_IRQHandler
    stm32f4xx_it.o(i.EXTI2_IRQHandler) refers to stm32f4xx_hal_gpio.o(i.HAL_GPIO_EXTI_IRQHandler) for HAL_GPIO_EXTI_IRQHandler
    stm32f4xx_it.o(i.EXTI3_IRQHandler) refers to stm32f4xx_hal_gpio.o(i.HAL_GPIO_EXTI_IRQHandler) for HAL_GPIO_EXTI_IRQHandler
    stm32f4xx_it.o(i.EXTI9_5_IRQHandler) refers to stm32f4xx_hal_gpio.o(i.HAL_GPIO_EXTI_IRQHandler) for HAL_GPIO_EXTI_IRQHandler
    stm32f4xx_hal_msp.o(i.HAL_TIM_MspPostInit) refers to rt_memclr_w.o(.text) for __aeabi_memclr4
    stm32f4xx_hal_msp.o(i.HAL_TIM_MspPostInit) refers to stm32f4xx_hal_gpio.o(i.HAL_GPIO_Init) for HAL_GPIO_Init
    joystick.o(i.IRQ_Fall_Enable) refers to rt_memclr_w.o(.text) for __aeabi_memclr4
    joystick.o(i.IRQ_Fall_Enable) refers to stm32f4xx_hal_gpio.o(i.HAL_GPIO_Init) for HAL_GPIO_Init
    joystick.o(i.IRQ_Fall_Enable) refers to stm32f4xx_hal_cortex.o(i.HAL_NVIC_EnableIRQ) for HAL_NVIC_EnableIRQ
    joystick.o(i.IRQ_Fall_Enable) refers to joystick.o(.data) for SW_LEFT
    joystick.o(i.IRQ_Rise_Enable) refers to rt_memclr_w.o(.text) for __aeabi_memclr4
    joystick.o(i.IRQ_Rise_Enable) refers to stm32f4xx_hal_gpio.o(i.HAL_GPIO_Init) for HAL_GPIO_Init
    joystick.o(i.IRQ_Rise_Enable) refers to stm32f4xx_hal_cortex.o(i.HAL_NVIC_EnableIRQ) for HAL_NVIC_EnableIRQ
    joystick.o(i.IRQ_Rise_Enable) refers to joystick.o(.data) for SW_LEFT
    joystick.o(i.Init_GPIO) refers to rt_memclr_w.o(.text) for __aeabi_memclr4
    joystick.o(i.Init_GPIO) refers to stm32f4xx_hal_gpio.o(i.HAL_GPIO_WritePin) for HAL_GPIO_WritePin
    joystick.o(i.Init_GPIO) refers to stm32f4xx_hal_gpio.o(i.HAL_GPIO_Init) for HAL_GPIO_Init
    joystick.o(i.Init_GPIO) refers to stm32f4xx_hal_cortex.o(i.HAL_NVIC_SetPriority) for HAL_NVIC_SetPriority
    joystick.o(i.Init_GPIO) refers to stm32f4xx_hal_cortex.o(i.HAL_NVIC_EnableIRQ) for HAL_NVIC_EnableIRQ
    joystick.o(i.Init_GPIO) refers to joystick.o(.data) for SW_UP
[...]
    __rt_exit_prels_1                        0x080002b9   Thumb Code     0  rtexit2.o(.ARM.Collect$$rtexit$$00000002)
    __rt_exit_exit                           0x080002bd   Thumb Code     0  rtexit2.o(.ARM.Collect$$rtexit$$00000004)
    Reset_Handler                            0x080002c5   Thumb Code     8  startup_stm32f429xx.o(.text)
    _maybe_terminate_alloc                   0x080002c5   Thumb Code     0  maybetermalloc2.o(.emb_text)
    ADC_IRQHandler                           0x080002df   Thumb Code     0  startup_stm32f429xx.o(.text)
    CAN1_RX0_IRQHandler                      0x080002df   Thumb Code     0  startup_stm32f429xx.o(.text)
    CAN1_RX1_IRQHandler                      0x080002df   Thumb Code     0  startup_stm32f429xx.o(.text)
    CAN1_SCE_IRQHandler                      0x080002df   Thumb Code     0  startup_stm32f429xx.o(.text)
    CAN1_TX_IRQHandler                       0x080002df   Thumb Code     0  startup_stm32f429xx.o(.text)
    CAN2_RX0_IRQHandler                      0x080002df   Thumb Code     0  startup_stm32f429xx.o(.text)
    CAN2_RX1_IRQHandler                      0x080002df   Thumb Code     0  startup_stm32f429xx.o(.text)
    CAN2_SCE_IRQHandler                      0x080002df   Thumb Code     0  startup_stm32f429xx.o(.text)
    CAN2_TX_IRQHandler                       0x080002df   Thumb Code     0  startup_stm32f429xx.o(.text)
    DCMI_IRQHandler                          0x080002df   Thumb Code     0  startup_stm32f429xx.o(.text)
    DMA1_Stream0_IRQHandler                  0x080002df   Thumb Code     0  startup_stm32f429xx.o(.text)
    DMA1_Stream1_IRQHandler                  0x080002df   Thumb Code     0  startup_stm32f429xx.o(.text)
    DMA1_Stream2_IRQHandler                  0x080002df   Thumb Code     0  startup_stm32f429xx.o(.text)
    DMA1_Stream3_IRQHandler                  0x080002df   Thumb Code     0  startup_stm32f429xx.o(.text)
    DMA1_Stream4_IRQHandler                  0x080002df   Thumb Code     0  startup_stm32f429xx.o(.text)
    DMA1_Stream5_IRQHandler                  0x080002df   Thumb Code     0  startup_stm32f429xx.o(.text)
    DMA1_Stream6_IRQHandler                  0x080002df   Thumb Code     0  startup_stm32f429xx.o(.text)
    DMA1_Stream7_IRQHandler                  0x080002df   Thumb Code     0  startup_stm32f429xx.o(.text)
    DMA2D_IRQHandler                         0x080002df   Thumb Code     0  startup_stm32f429xx.o(.text)
    DMA2_Stream0_IRQHandler                  0x080002df   Thumb Code     0  startup_stm32f429xx.o(.text)
    DMA2_Stream1_IRQHandler                  0x080002df   Thumb Code     0  startup_stm32f429xx.o(.text)
    DMA2_Stream2_IRQHandler                  0x080002df   Thumb Code     0  startup_stm32f429xx.o(.text)
    DMA2_Stream3_IRQHandler                  0x080002df   Thumb Code     0  startup_stm32f429xx.o(.text)
    DMA2_Stream4_IRQHandler                  0x080002df   Thumb Code     0  startup_stm32f429xx.o(.text)
    DMA2_Stream5_IRQHandler                  0x080002df   Thumb Code     0  startup_stm32f429xx.o(.text)
    DMA2_Stream6_IRQHandler                  0x080002df   Thumb Code     0  startup_stm32f429xx.o(.text)
    DMA2_Stream7_IRQHandler                  0x080002df   Thumb Code     0  startup_stm32f429xx.o(.text)
    ETH_IRQHandler                           0x080002df   Thumb Code     0  startup_stm32f429xx.o(.text)
    ETH_WKUP_IRQHandler                      0x080002df   Thumb Code     0  startup_stm32f429xx.o(.text)
    EXTI0_IRQHandler                         0x080002df   Thumb Code     0  startup_stm32f429xx.o(.text)
    EXTI1_IRQHandler                         0x080002df   Thumb Code     0  startup_stm32f429xx.o(.text)
    EXTI4_IRQHandler                         0x080002df   Thumb Code     0  startup_stm32f429xx.o(.text)
    FLASH_IRQHandler                         0x080002df   Thumb Code     0  startup_stm32f429xx.o(.text)
    FMC_IRQHandler                           0x080002df   Thumb Code     0  startup_stm32f429xx.o(.text)
    FPU_IRQHandler                           0x080002df   Thumb Code     0  startup_stm32f429xx.o(.text)
    HASH_RNG_IRQHandler                      0x080002df   Thumb Code     0  startup_stm32f429xx.o(.text)
    I2C1_ER_IRQHandler                       0x080002df   Thumb Code     0  startup_stm32f429xx.o(.text)
    I2C1_EV_IRQHandler                       0x080002df   Thumb Code     0  startup_stm32f429xx.o(.text)
    I2C2_ER_IRQHandler                       0x080002df   Thumb Code     0  startup_stm32f429xx.o(.text)
    I2C2_EV_IRQHandler                       0x080002df   Thumb Code     0  startup_stm32f429xx.o(.text)
    I2C3_ER_IRQHandler                       0x080002df   Thumb Code     0  startup_stm32f429xx.o(.text)
    I2C3_EV_IRQHandler                       0x080002df   Thumb Code     0  startup_stm32f429xx.o(.text)
    LTDC_ER_IRQHandler                       0x080002df   Thumb Code     0  startup_stm32f429xx.o(.text)
    LTDC_IRQHandler                          0x080002df   Thumb Code     0  startup_stm32f429xx.o(.text)
    OTG_FS_IRQHandler                        0x080002df   Thumb Code     0  startup_stm32f429xx.o(.text)
    OTG_FS_WKUP_IRQHandler                   0x080002df   Thumb Code     0  startup_stm32f429xx.o(.text)
    OTG_HS_EP1_IN_IRQHandler                 0x080002df   Thumb Code     0  startup_stm32f429xx.o(.text)
    OTG_HS_EP1_OUT_IRQHandler                0x080002df   Thumb Code     0  startup_stm32f429xx.o(.text)
    OTG_HS_IRQHandler                        0x080002df   Thumb Code     0  startup_stm32f429xx.o(.text)
    OTG_HS_WKUP_IRQHandler                   0x080002df   Thumb Code     0  startup_stm32f429xx.o(.text)
    PVD_IRQHandler                           0x080002df   Thumb Code     0  startup_stm32f429xx.o(.text)
    RCC_IRQHandler                           0x080002df   Thumb Code     0  startup_stm32f429xx.o(.text)
    RTC_Alarm_IRQHandler                     0x080002df   Thumb Code     0  startup_stm32f429xx.o(.text)
    RTC_WKUP_IRQHandler                      0x080002df   Thumb Code     0  startup_stm32f429xx.o(.text)
    SAI1_IRQHandler                          0x080002df   Thumb Code     0  startup_stm32f429xx.o(.text)
    SDIO_IRQHandler                          0x080002df   Thumb Code     0  startup_stm32f429xx.o(.text)
    SPI1_IRQHandler                          0x080002df   Thumb Code     0  startup_stm32f429xx.o(.text)
    SPI2_IRQHandler                          0x080002df   Thumb Code     0  startup_stm32f429xx.o(.text)
    SPI3_IRQHandler                          0x080002df   Thumb Code     0  startup_stm32f429xx.o(.text)
    SPI4_IRQHandler                          0x080002df   Thumb Code     0  startup_stm32f429xx.o(.text)
    SPI5_IRQHandler                          0x080002df   Thumb Code     0  startup_stm32f429xx.o(.text)
    SPI6_IRQHandler                          0x080002df   Thumb Code     0  startup_stm32f429xx.o(.text)
    TAMP_STAMP_IRQHandler                    0x080002df   Thumb Code     0  startup_stm32f429xx.o(.text)
    TIM1_BRK_TIM9_IRQHandler                 0x080002df   Thumb Code     0  startup_stm32f429xx.o(.text)
    TIM1_CC_IRQHandler                       0x080002df   Thumb Code     0  startup_stm32f429xx.o(.text)
    TIM1_TRG_COM_TIM11_IRQHandler            0x080002df   Thumb Code     0  startup_stm32f429xx.o(.text)
    TIM1_UP_TIM10_IRQHandler                 0x080002df   Thumb Code     0  startup_stm32f429xx.o(.text)
    TIM2_IRQHandler                          0x080002df   Thumb Code     0  startup_stm32f429xx.o(.text)
    TIM3_IRQHandler                          0x080002df   Thumb Code     0  startup_stm32f429xx.o(.text)
    TIM4_IRQHandler                          0x080002df   Thumb Code     0  startup_stm32f429xx.o(.text)
    TIM5_IRQHandler                          0x080002df   Thumb Code     0  startup_stm32f429xx.o(.text)
    TIM6_DAC_IRQHandler                      0x080002df   Thumb Code     0  startup_stm32f429xx.o(.text)
    TIM7_IRQHandler                          0x080002df   Thumb Code     0  startup_stm32f429xx.o(.text)
    TIM8_BRK_TIM12_IRQHandler                0x080002df   Thumb Code     0  startup_stm32f429xx.o(.text)
    TIM8_CC_IRQHandler                       0x080002df   Thumb Code     0  startup_stm32f429xx.o(.text)
    TIM8_TRG_COM_TIM14_IRQHandler            0x080002df   Thumb Code     0  startup_stm32f429xx.o(.text)
    TIM8_UP_TIM13_IRQHandler                 0x080002df   Thumb Code     0  startup_stm32f429xx.o(.text)
    UART4_IRQHandler                         0x080002df   Thumb Code     0  startup_stm32f429xx.o(.text)
    UART5_IRQHandler                         0x080002df   Thumb Code     0  startup_stm32f429xx.o(.text)
    UART7_IRQHandler                         0x080002df   Thumb Code     0  startup_stm32f429xx.o(.text)
    UART8_IRQHandler                         0x080002df   Thumb Code     0  startup_stm32f429xx.o(.text)
    USART1_IRQHandler                        0x080002df   Thumb Code     0  startup_stm32f429xx.o(.text)
    USART2_IRQHandler                        0x080002df   Thumb Code     0  startup_stm32f429xx.o(.text)
    USART6_IRQHandler                        0x080002df   Thumb Code     0  startup_stm32f429xx.o(.text)
    WWDG_IRQHandler                          0x080002df   Thumb Code     0  startup_stm32f429xx.o(.text)
    __user_initial_stackheap                 0x080002e1   Thumb Code     0  startup_stm32f429xx.o(.text)
    SVC_Handler                              0x08000305   Thumb Code   152  irq_cm4f.o(.text)
    PendSV_Handler                           0x0800039d   Thumb Code    16  irq_cm4f.o(.text)
    SysTick_Handler                          0x080003ad   Thumb Code    16  irq_cm4f.o(.text)
    __aeabi_uldivmod                         0x080003c9   Thumb Code     0  lludivv7m.o(.text)
    _ll_udiv                                 0x080003c9   Thumb Code   238  lludivv7m.o(.text)
    __2printf                                0x080004b9   Thumb Code    20  __2printf.o(.text)
    __2sprintf                               0x080004d1   Thumb Code    38  __2sprintf.o(.text)
    _printf_pre_padding                      0x080004fd   Thumb Code    44  _printf_pad.o(.text)
    _printf_post_padding                     0x08000529   Thumb Code    34  _printf_pad.o(.text)
    _printf_str                              0x0800054b   Thumb Code    82  _printf_str.o(.text)
    _printf_int_dec                          0x0800059d   Thumb Code   104  _printf_dec.o(.text)
    _printf_charcount                        0x08000615   Thumb Code    40  _printf_charcount.o(.text)
    _printf_hex_ptr                          0x0800063d   Thumb Code    78  _printf_hex_ptr.o(.text)
    _printf_longlong_hex                     0x0800063d   Thumb Code     0  _printf_hex_ptr.o(.text)
    __printf                                 0x08000691   Thumb Code   388  __printf_flags_ss_wp.o(.text)
    __aeabi_memcpy                           0x08000819   Thumb Code     0  rt_memcpy_v6.o(.text)
    __rt_memcpy                              0x08000819   Thumb Code   138  rt_memcpy_v6.o(.text)
    _memcpy_lastbytes                        0x0800087f   Thumb Code     0  rt_memcpy_v6.o(.text)
    __aeabi_memclr                           0x080008a3   Thumb Code     0  rt_memclr.o(.text)
    __rt_memclr                              0x080008a3   Thumb Code    68  rt_memclr.o(.text)
    _memset                                  0x080008a7   Thumb Code     0  rt_memclr.o(.text)
    __aeabi_memclr4                          0x080008e7   Thumb Code     0  rt_memclr_w.o(.text)
    __aeabi_memclr8                          0x080008e7   Thumb Code     0  rt_memclr_w.o(.text)
    __rt_memclr_w                            0x080008e7   Thumb Code    78  rt_memclr_w.o(.text)
    _memset_w                                0x080008eb   Thumb Code     0  rt_memclr_w.o(.text)
    __use_two_region_memory                  0x08000935   Thumb Code     2  heapauxi.o(.text)
    __rt_heap_escrow                         0x08000937   Thumb Code     2  heapauxi.o(.text)
    __rt_heap_expand                         0x08000939   Thumb Code     2  heapauxi.o(.text)
    _printf_int_common                       0x0800093b   Thumb Code   178  _printf_intcommon.o(.text)
    _printf_char_common                      0x080009f7   Thumb Code    32  _printf_char_common.o(.text)
    _sputc                                   0x08000a1d   Thumb Code    10  _sputc.o(.text)
    _printf_cs_common                        0x08000a27   Thumb Code    20  _printf_char.o(.text)
    _printf_char                             0x08000a3b   Thumb Code    16  _printf_char.o(.text)
    _printf_string                           0x08000a4b   Thumb Code     8  _printf_char.o(.text)
    __aeabi_memcpy4                          0x08000a53   Thumb Code     0  rt_memcpy_w.o(.text)
    __aeabi_memcpy8                          0x08000a53   Thumb Code     0  rt_memcpy_w.o(.text)
    __rt_memcpy_w                            0x08000a53   Thumb Code   100  rt_memcpy_w.o(.text)
    _memcpy_lastbytes_aligned                0x08000a9b   Thumb Code     0  rt_memcpy_w.o(.text)
    _initio                                  0x08000ab9   Thumb Code   240  initio_locked.o(.text)
    _terminateio                             0x08000ba9   Thumb Code   168  initio_locked.o(.text)
    _sys_open                                0x08000c81   Thumb Code    20  sys_io.o(.text)
    _sys_close                               0x08000c95   Thumb Code    12  sys_io.o(.text)
    _sys_write                               0x08000ca1   Thumb Code    16  sys_io.o(.text)
    _sys_read                                0x08000cb1   Thumb Code    14  sys_io.o(.text)
    _sys_istty                               0x08000cbf   Thumb Code    12  sys_io.o(.text)
    _sys_seek                                0x08000ccb   Thumb Code    14  sys_io.o(.text)
    _sys_ensure                              0x08000cd9   Thumb Code     2  sys_io.o(.text)
    _sys_flen                                0x08000cdb   Thumb Code    12  sys_io.o(.text)
    __user_setup_stackheap                   0x08000ce7   Thumb Code    74  sys_stackheap_outer.o(.text)
    _free_internal                           0x08000d31   Thumb Code    98  h1_free_mt.o(.text)
    free                                     0x08000d93   Thumb Code    20  h1_free_mt.o(.text)
    __flsbuf                                 0x08000da7   Thumb Code   470  flsbuf.o(.text)
    __flsbuf_byte                            0x08000da7   Thumb Code     0  flsbuf.o(.text)
    __flsbuf_wide                            0x08000da7   Thumb Code     0  flsbuf.o(.text)
    _fclose_internal                         0x08000f7d   Thumb Code    76  fclose.o(.text)
    fclose                                   0x08000f7d   Thumb Code     0  fclose.o(.text)
    setvbuf                                  0x08000fc9   Thumb Code   104  setvbuf_locked.o(.text)
    freopen                                  0x080010df   Thumb Code    42  fopen_locked.o(.text)
    _fopen$locked                            0x08001109   Thumb Code   100  fopen_locked.o(.text)
    exit                                     0x08001175   Thumb Code    18  exit.o(.text)
    __rt_SIGRTRED                            0x08001187   Thumb Code    14  defsig_rtred_outer.o(.text)
    __user_libspace                          0x08001195   Thumb Code     8  libspace.o(.text)
    __user_perproc_libspace                  0x08001195   Thumb Code     0  libspace.o(.text)
    __I$use$semihosting                      0x0800119d   Thumb Code     0  use_no_semi.o(.text)
    __use_no_semihosting_swi                 0x0800119d   Thumb Code     2  use_no_semi.o(.text)
    __rt_heap_descriptor                     0x0800119f   Thumb Code    10  rt_heap_descriptor_twolibspace.o(.text)
    __semihosting_library_function           0x0800119f   Thumb Code     0  indicate_semi.o(.text)
    __use_no_heap                            0x080011a9   Thumb Code     2  hguard.o(.text)
    __heap$guard                             0x080011ab   Thumb Code     2  hguard.o(.text)
    _terminate_user_alloc                    0x080011ad   Thumb Code     2  init_alloc.o(.text)
    _init_user_alloc                         0x080011af   Thumb Code     2  init_alloc.o(.text)
    __Heap_Full                              0x080011b1   Thumb Code    34  init_alloc.o(.text)
    __Heap_Broken                            0x080011d3   Thumb Code     6  init_alloc.o(.text)
    _init_alloc                              0x080011d9   Thumb Code    94  init_alloc.o(.text)
    _malloc_internal                         0x0800123f   Thumb Code   130  h1_alloc_mt.o(.text)
    malloc                                   0x080012c1   Thumb Code    20  h1_alloc_mt.o(.text)
    _printf_char_file                        0x080012d5   Thumb Code    58  _printf_char_file_locked.o(.text)
    _fseek                                   0x08001315   Thumb Code   242  fseek.o(.text)
    fseek                                    0x08001315   Thumb Code     0  fseek.o(.text)
    _seterr                                  0x0800140d   Thumb Code    20  stdio.o(.text)
    _writebuf                                0x08001421   Thumb Code    84  stdio.o(.text)
    _fflush                                  0x08001475   Thumb Code    70  stdio.o(.text)
    _deferredlazyseek                        0x080014bb   Thumb Code    60  stdio.o(.text)
    __sig_exit                               0x080014fd   Thumb Code    10  defsig_exit.o(.text)
    __rt_SIGRTRED_inner                      0x08001509   Thumb Code    14  defsig_rtred_inner.o(.text)
    strlen                                   0x0800153d   Thumb Code    62  strlen.o(.text)
    _sys_exit                                0x0800157d   Thumb Code     8  sys_exit.o(.text)
    __Heap_Initialize                        0x08001589   Thumb Code    14  h1_init_mt.o(.text)
    __Heap_DescSize                          0x08001597   Thumb Code     4  h1_init_mt.o(.text)
    __Heap_ProvideMemory                     0x0800159b   Thumb Code    62  h1_extend_mt.o(.text)
    _ftell_internal                          0x080015d9   Thumb Code    66  ftell.o(.text)
    ftell                                    0x080015d9   Thumb Code     0  ftell.o(.text)
    __default_signal_display                 0x0800161b   Thumb Code    50  defsig_general.o(.text)
    __rt_SIGRTMEM                            0x0800164d   Thumb Code    14  defsig_rtmem_outer.o(.text)
    _ttywrch                                 0x0800165b   Thumb Code    14  sys_wrch.o(.text)
    __aeabi_errno_addr                       0x08001669   Thumb Code     4  rt_errno_addr_twolibspace.o(.text)
    __errno$twolibspace                      0x08001669   Thumb Code     0  rt_errno_addr_twolibspace.o(.text)
    __rt_errno_addr$twolibspace              0x08001669   Thumb Code     0  rt_errno_addr_twolibspace.o(.text)
    _terminate_alloc                         0x0800166d   Thumb Code    16  term_alloc.o(.text)
    __rt_SIGRTMEM_inner                      0x0800167d   Thumb Code    22  defsig_rtmem_inner.o(.text)
    __Heap_Finalize                          0x080016cd   Thumb Code    10  h1_final_mt.o(.text)
    OS_Tick_AcknowledgeIRQ                   0x0800178d   Thumb Code    12  os_systick.o(.text.OS_Tick_AcknowledgeIRQ)
    OS_Tick_Enable                           0x08001799   Thumb Code    44  os_systick.o(.text.OS_Tick_Enable)
    OS_Tick_GetIRQn                          0x080017c5   Thumb Code     6  os_systick.o(.text.OS_Tick_GetIRQn)
    OS_Tick_Setup                            0x080017cd   Thumb Code    64  os_systick.o(.text.OS_Tick_Setup)
    osDelay                                  0x080018c5   Thumb Code    36  rtx_delay.o(.text.osDelay)
    osKernelGetState                         0x080018e9   Thumb Code    48  rtx_kernel.o(.text.osKernelGetState)
    osKernelGetTickCount                     0x08001919   Thumb Code    40  rtx_kernel.o(.text.osKernelGetTickCount)
    osKernelInitialize                       0x08001941   Thumb Code    44  rtx_kernel.o(.text.osKernelInitialize)
    osKernelStart                            0x0800196d   Thumb Code    36  rtx_kernel.o(.text.osKernelStart)
    osMessageQueueGet                        0x08001991   Thumb Code   108  rtx_msgqueue.o(.text.osMessageQueueGet)
    osMessageQueueNew                        0x080019fd   Thumb Code    36  rtx_msgqueue.o(.text.osMessageQueueNew)
    osMessageQueuePut                        0x08001a21   Thumb Code   120  rtx_msgqueue.o(.text.osMessageQueuePut)
    osMutexAcquire                           0x08001a99   Thumb Code    36  rtx_mutex.o(.text.osMutexAcquire)
    osMutexDelete                            0x08001abd   Thumb Code    36  rtx_mutex.o(.text.osMutexDelete)
    osMutexNew                               0x08001ae1   Thumb Code    36  rtx_mutex.o(.text.osMutexNew)
    osMutexRelease                           0x08001b05   Thumb Code    36  rtx_mutex.o(.text.osMutexRelease)
    osRtxKernelPreInit                       0x08001b29   Thumb Code     2  rtx_kernel.o(.text.osRtxKernelPreInit)
    osRtxMemoryAlloc                         0x08001b2b   Thumb Code   112  rtx_memory.o(.text.osRtxMemoryAlloc)
    osRtxMemoryFree                          0x08001b9b   Thumb Code    70  rtx_memory.o(.text.osRtxMemoryFree)
    osRtxMemoryInit                          0x08001be1   Thumb Code    60  rtx_memory.o(.text.osRtxMemoryInit)
    osRtxMemoryPoolAlloc                     0x08001c1d   Thumb Code    58  rtx_mempool.o(.text.osRtxMemoryPoolAlloc)
    osRtxMemoryPoolFree                      0x08001c57   Thumb Code    74  rtx_mempool.o(.text.osRtxMemoryPoolFree)
    osRtxMemoryPoolInit                      0x08001ca1   Thumb Code    54  rtx_mempool.o(.text.osRtxMemoryPoolInit)
    osRtxMutexOwnerRelease                   0x08001d91   Thumb Code    72  rtx_mutex.o(.text.osRtxMutexOwnerRelease)
    osRtxMutexOwnerRestore                   0x08001dd9   Thumb Code    66  rtx_mutex.o(.text.osRtxMutexOwnerRestore)
    osRtxPendSV_Handler                      0x08001e1d   Thumb Code   140  rtx_system.o(.text.osRtxPendSV_Handler)
    osRtxPostProcess                         0x08001ea9   Thumb Code   116  rtx_system.o(.text.osRtxPostProcess)
    osRtxThreadDelayTick                     0x08002005   Thumb Code    76  rtx_thread.o(.text.osRtxThreadDelayTick)
    osRtxThreadDispatch                      0x08002051   Thumb Code    88  rtx_thread.o(.text.osRtxThreadDispatch)
    osRtxThreadListGet                       0x08002101   Thumb Code    18  rtx_thread.o(.text.osRtxThreadListGet)
    osRtxThreadListPut                       0x08002113   Thumb Code    44  rtx_thread.o(.text.osRtxThreadListPut)
    osRtxThreadListRemove                    0x0800213f   Thumb Code    20  rtx_thread.o(.text.osRtxThreadListRemove)
    osRtxThreadListSort                      0x0800215f   Thumb Code    38  rtx_thread.o(.text.osRtxThreadListSort)
    osRtxThreadReadyPut                      0x080021ad   Thumb Code    20  rtx_thread.o(.text.osRtxThreadReadyPut)
    osRtxThreadRegPtr                        0x080021c1   Thumb Code    20  rtx_thread.o(.text.osRtxThreadRegPtr)
    osRtxThreadStackCheck                    0x080021d5   Thumb Code    40  rtx_thread.o(.text.osRtxThreadStackCheck)
    osRtxThreadStartup                       0x080021fd   Thumb Code    64  rtx_thread.o(.text.osRtxThreadStartup)
    osRtxThreadSwitch                        0x0800223d   Thumb Code    16  rtx_thread.o(.text.osRtxThreadSwitch)
    osRtxThreadWaitEnter                     0x0800224d   Thumb Code    56  rtx_thread.o(.text.osRtxThreadWaitEnter)
    osRtxThreadWaitExit                      0x08002285   Thumb Code    50  rtx_thread.o(.text.osRtxThreadWaitExit)
    osRtxTick_Handler                        0x080022b9   Thumb Code   112  rtx_system.o(.text.osRtxTick_Handler)
    osRtxTimerThread                         0x08002329   Thumb Code    60  rtx_timer.o(.text.osRtxTimerThread)
    osThreadExit                             0x080023b9   Thumb Code    12  rtx_thread.o(.text.osThreadExit)
    osThreadFlagsClear                       0x080023c5   Thumb Code    36  rtx_thread.o(.text.osThreadFlagsClear)
    osThreadFlagsSet                         0x080023e9   Thumb Code    88  rtx_thread.o(.text.osThreadFlagsSet)
    osThreadFlagsWait                        0x08002441   Thumb Code    36  rtx_thread.o(.text.osThreadFlagsWait)
    osThreadGetId                            0x08002465   Thumb Code    40  rtx_thread.o(.text.osThreadGetId)
    osThreadNew                              0x0800248d   Thumb Code    36  rtx_thread.o(.text.osThreadNew)
    BusFault_Handler                         0x08002f11   Thumb Code     4  stm32f4xx_it.o(i.BusFault_Handler)
    DebugMon_Handler                         0x08002f15   Thumb Code     2  stm32f4xx_it.o(i.DebugMon_Handler)
    Delay_ms                                 0x08002f17   Thumb Code    26  delay.o(i.Delay_ms)
    Delay_us                                 0x08002f31   Thumb Code    18  delay.o(i.Delay_us)
    EXTI15_10_IRQHandler                     0x08002f49   Thumb Code    20  stm32f4xx_it.o(i.EXTI15_10_IRQHandler)
    EXTI2_IRQHandler                         0x08002f5d   Thumb Code    10  stm32f4xx_it.o(i.EXTI2_IRQHandler)
    EXTI3_IRQHandler                         0x08002f67   Thumb Code    10  stm32f4xx_it.o(i.EXTI3_IRQHandler)
    EXTI9_5_IRQHandler                       0x08002f71   Thumb Code    10  stm32f4xx_it.o(i.EXTI9_5_IRQHandler)
    HAL_DMA_Abort                            0x0800326d   Thumb Code   170  stm32f4xx_hal_dma.o(i.HAL_DMA_Abort)
    HAL_GPIO_DeInit                          0x08003319   Thumb Code   336  stm32f4xx_hal_gpio.o(i.HAL_GPIO_DeInit)
    HAL_GPIO_EXTI_Callback                   0x08003499   Thumb Code   264  thread.o(i.HAL_GPIO_EXTI_Callback)
    HAL_GPIO_EXTI_IRQHandler                 0x080035b9   Thumb Code    24  stm32f4xx_hal_gpio.o(i.HAL_GPIO_EXTI_IRQHandler)
    HAL_GPIO_Init                            0x080035d5   Thumb Code   486  stm32f4xx_hal_gpio.o(i.HAL_GPIO_Init)
    HAL_GPIO_ReadPin                         0x080037f1   Thumb Code    16  stm32f4xx_hal_gpio.o(i.HAL_GPIO_ReadPin)
    HAL_GPIO_WritePin                        0x08003801   Thumb Code    12  stm32f4xx_hal_gpio.o(i.HAL_GPIO_WritePin)
    HAL_GetTick                              0x0800380d   Thumb Code    66  main.o(i.HAL_GetTick)
    HAL_IWDG_Init                            0x08003859   Thumb Code    80  stm32f4xx_hal_iwdg.o(i.HAL_IWDG_Init)
    HAL_IWDG_Refresh                         0x080038a9   Thumb Code    14  stm32f4xx_hal_iwdg.o(i.HAL_IWDG_Refresh)
    HAL_Init                                 0x080038b9   Thumb Code    44  stm32f4xx_hal.o(i.HAL_Init)
    HAL_InitTick                             0x080038e9   Thumb Code    64  stm32f4xx_hal.o(i.HAL_InitTick)
    HAL_MspInit                              0x08003935   Thumb Code    68  stm32f4xx_hal_msp.o(i.HAL_MspInit)
    HAL_NVIC_DisableIRQ                      0x0800397d   Thumb Code    38  stm32f4xx_hal_cortex.o(i.HAL_NVIC_DisableIRQ)
    HAL_NVIC_EnableIRQ                       0x080039a9   Thumb Code    40  stm32f4xx_hal_cortex.o(i.HAL_NVIC_EnableIRQ)
    HAL_NVIC_SetPriority                     0x080039d1   Thumb Code   124  stm32f4xx_hal_cortex.o(i.HAL_NVIC_SetPriority)
    HAL_NVIC_SetPriorityGrouping             0x08003a4d   Thumb Code    32  stm32f4xx_hal_cortex.o(i.HAL_NVIC_SetPriorityGrouping)
    HAL_PWREx_EnableOverDrive                0x08003a75   Thumb Code   128  stm32f4xx_hal_pwr_ex.o(i.HAL_PWREx_EnableOverDrive)
    HAL_RCC_ClockConfig                      0x08003b01   Thumb Code   368  stm32f4xx_hal_rcc.o(i.HAL_RCC_ClockConfig)
    HAL_RCC_GetHCLKFreq                      0x08003c85   Thumb Code     6  stm32f4xx_hal_rcc.o(i.HAL_RCC_GetHCLKFreq)
    HAL_RCC_GetPCLK1Freq                     0x08003c91   Thumb Code    22  stm32f4xx_hal_rcc.o(i.HAL_RCC_GetPCLK1Freq)
    HAL_RCC_GetSysClockFreq                  0x08003cb1   Thumb Code   162  stm32f4xx_hal_rcc.o(i.HAL_RCC_GetSysClockFreq)
    HAL_RCC_OscConfig                        0x08003d61   Thumb Code  1152  stm32f4xx_hal_rcc.o(i.HAL_RCC_OscConfig)
    HAL_SYSTICK_Config                       0x080041e9   Thumb Code    52  stm32f4xx_hal_cortex.o(i.HAL_SYSTICK_Config)
    HAL_TIMEx_ConfigBreakDeadTime            0x0800421d   Thumb Code   116  stm32f4xx_hal_tim_ex.o(i.HAL_TIMEx_ConfigBreakDeadTime)
    HAL_TIMEx_MasterConfigSynchronization    0x08004291   Thumb Code   150  stm32f4xx_hal_tim_ex.o(i.HAL_TIMEx_MasterConfigSynchronization)
    HAL_TIM_Base_Init                        0x08004345   Thumb Code    52  stm32f4xx_hal_tim.o(i.HAL_TIM_Base_Init)
    HAL_TIM_Base_MspInit                     0x08004379   Thumb Code    88  stm32f4xx_hal_msp.o(i.HAL_TIM_Base_MspInit)
    HAL_TIM_Base_Start                       0x080043dd   Thumb Code    42  stm32f4xx_hal_tim.o(i.HAL_TIM_Base_Start)
    HAL_TIM_ConfigClockSource                0x08004407   Thumb Code   264  stm32f4xx_hal_tim.o(i.HAL_TIM_ConfigClockSource)
    HAL_TIM_MspPostInit                      0x08004511   Thumb Code    84  stm32f4xx_hal_msp.o(i.HAL_TIM_MspPostInit)
    HAL_TIM_PWM_ConfigChannel                0x08004571   Thumb Code   264  stm32f4xx_hal_tim.o(i.HAL_TIM_PWM_ConfigChannel)
    HAL_TIM_PWM_Init                         0x08004679   Thumb Code    52  stm32f4xx_hal_tim.o(i.HAL_TIM_PWM_Init)
    HAL_TIM_PWM_MspInit                      0x080046ad   Thumb Code     2  stm32f4xx_hal_tim.o(i.HAL_TIM_PWM_MspInit)
    HAL_TIM_PWM_Start                        0x080046b1   Thumb Code    80  stm32f4xx_hal_tim.o(i.HAL_TIM_PWM_Start)
    HAL_TIM_PWM_Stop                         0x08004709   Thumb Code   126  stm32f4xx_hal_tim.o(i.HAL_TIM_PWM_Stop)
    HardFault_Handler                        0x08004791   Thumb Code     4  stm32f4xx_it.o(i.HardFault_Handler)
    IRQ_Fall_Enable                          0x08004795   Thumb Code   178  joystick.o(i.IRQ_Fall_Enable)
    IRQ_Rise_Enable                          0x08004865   Thumb Code   178  joystick.o(i.IRQ_Rise_Enable)
    Init_Delay                               0x08004935   Thumb Code   118  delay.o(i.Init_Delay)
    Init_GPIO                                0x080049b5   Thumb Code   226  joystick.o(i.Init_GPIO)
    MemManage_Handler                        0x08004ab9   Thumb Code     4  stm32f4xx_it.o(i.MemManage_Handler)
    NMI_Handler                              0x08004abd   Thumb Code     2  stm32f4xx_it.o(i.NMI_Handler)
    SystemCoreClockUpdate                    0x08004b89   Thumb Code   170  system_stm32f4xx.o(i.SystemCoreClockUpdate)
    SystemInit                               0x08004c49   Thumb Code    24  system_stm32f4xx.o(i.SystemInit)
    TIM_Base_SetConfig                       0x08004c65   Thumb Code   170  stm32f4xx_hal_tim.o(i.TIM_Base_SetConfig)
    TIM_CCxChannelCmd                        0x08004d3d   Thumb Code    34  stm32f4xx_hal_tim.o(i.TIM_CCxChannelCmd)
    TIM_ETR_SetConfig                        0x08004d5f   Thumb Code    22  stm32f4xx_hal_tim.o(i.TIM_ETR_SetConfig)
    TIM_OC2_SetConfig                        0x08004df9   Thumb Code   114  stm32f4xx_hal_tim.o(i.TIM_OC2_SetConfig)
    USART3_IRQHandler                        0x08004ff9   Thumb Code    10  usart_stm32f4xx.o(i.USART3_IRQHandler)
    USART_IRQHandler                         0x08005a6b   Thumb Code   626  usart_stm32f4xx.o(i.USART_IRQHandler)
    UsageFault_Handler                       0x0800650d   Thumb Code     4  stm32f4xx_it.o(i.UsageFault_Handler)
    __user_perthread_libspace                0x08006549   Thumb Code    80  rtx_lib.o(i.__user_perthread_libspace)
    _is_digit                                0x080065a1   Thumb Code    14  __printf_wp.o(i._is_digit)
    _mutex_acquire                           0x080065af   Thumb Code    22  rtx_lib.o(i._mutex_acquire)
    _mutex_free                              0x080065c5   Thumb Code    12  rtx_lib.o(i._mutex_free)
    _mutex_initialize                        0x080065d1   Thumb Code    34  rtx_lib.o(i._mutex_initialize)
    _mutex_release                           0x080065f3   Thumb Code    18  rtx_lib.o(i._mutex_release)
    _platform_post_stackheap_init            0x08006605   Thumb Code     8  rtx_lib.o(i._platform_post_stackheap_init)
    app_main                                 0x0800660d   Thumb Code    18  thread.o(i.app_main)
    _fputc$unlocked                          0x08006629   Thumb Code    26  fputc.o(i.fputc)
    init_USART                               0x08006645   Thumb Code    86  usart.o(i.init_USART)
    init_Watchdog                            0x080066a1   Thumb Code    34  watchdog.o(i.init_Watchdog)
    init_speaker                             0x080066cd   Thumb Code   208  speaker.o(i.init_speaker)
    main                                     0x080067a5   Thumb Code    90  main.o(i.main)
    osRtxErrorNotify                         0x08006809   Thumb Code    32  rtx_config.o(i.osRtxErrorNotify)
    osRtxIdleThread                          0x08006829   Thumb Code     4  rtx_config.o(i.osRtxIdleThread)
    reset_Watchdog                           0x08006a9d   Thumb Code    10  watchdog.o(i.reset_Watchdog)
    tx_USART                                 0x08006aad   Thumb Code    74  usart.o(i.tx_USART)
    zumbido                                  0x08006afd   Thumb Code    28  speaker.o(i.zumbido)
    _fp_init                                 0x08006b1d   Thumb Code    10  fpinit.o(x$fpl$fpinit)
    __fplib_config_fpu_vfp                   0x08006b25   Thumb Code     0  fpinit.o(x$fpl$fpinit)
    __fplib_config_pureend_doubles           0x08006b25   Thumb Code     0  fpinit.o(x$fpl$fpinit)
    app_main_attr                            0x08006b28   Data          36  thread.o(.constdata)
    osRtxUserSVC                             0x08006bac   Data           4  rtx_lib.o(.constdata)
    Driver_USART3                            0x08006c00   Data          56  usart_stm32f4xx.o(.constdata)
    AHBPrescTable                            0x08006c38   Data          16  system_stm32f4xx.o(.constdata)
    APBPrescTable                            0x08006c48   Data           8  system_stm32f4xx.o(.constdata)
    irqRtxLib                                0x08006c50   Data           1  irq_cm4f.o(.constdata)
    __stdin_name                             0x08006c8a   Data           4  sys_io.o(.constdata)
    __stdout_name                            0x08006c8e   Data           4  sys_io.o(.constdata)
    __stderr_name                            0x08006c92   Data           4  sys_io.o(.constdata)
    osRtxConfig                              0x08006c98   Data         104  rtx_lib.o(.rodata)
    os_cb_sections                           0x08006d00   Data          56  rtx_lib.o(.rodata)
    Region$$Table$$Base                      0x08006d44   Number         0  anon$$obj.o(Region$$Table)
    Region$$Table$$Limit                     0x08006d64   Number         0  anon$$obj.o(Region$$Table)
    .bss.os.msgqueue.cb$$Base                0x20008230   Number         0  rtx_lib.o(.bss.os.msgqueue.cb)
    .bss.os.msgqueue.cb$$Limit               0x20008264   Number         0  rtx_lib.o(.bss.os.msgqueue.cb)
    .bss.os.thread.cb$$Base                  0x200082b4   Number         0  rtx_lib.o(.bss.os.thread.cb)
    .bss.os.thread.cb$$Limit                 0x2000833c   Number         0  rtx_lib.o(.bss.os.thread.cb)
    XBEE_Tx                                  0x20008744   Data           8  joystick.o(.data)
    XBEE_Rx                                  0x2000874c   Data           8  joystick.o(.data)
    XBEE_STATUS                              0x20008754   Data           8  joystick.o(.data)
    XBEE_NRST                                0x2000875c   Data           8  joystick.o(.data)
    SW_CENTER                                0x20008764   Data           8  joystick.o(.data)
    LED_RED                                  0x2000876c   Data           8  joystick.o(.data)
    SPEAKER                                  0x20008774   Data           8  joystick.o(.data)
    LCD_A0                                   0x2000877c   Data           8  joystick.o(.data)
    LED_BLUE                                 0x20008784   Data           8  joystick.o(.data)
    LED_GREEN                                0x2000878c   Data           8  joystick.o(.data)
    LCD_CS_N                                 0x20008794   Data           8  joystick.o(.data)
    LCD_MOSI                                 0x2000879c   Data           8  joystick.o(.data)
    LCD_RESET                                0x200087a4   Data           8  joystick.o(.data)
    LCD_SCK                                  0x200087ac   Data           8  joystick.o(.data)
    SDA                                      0x200087b4   Data           8  joystick.o(.data)
    SCL                                      0x200087bc   Data           8  joystick.o(.data)
    SW_RIGHT                                 0x200087c4   Data           8  joystick.o(.data)
    SW_LEFT                                  0x200087cc   Data           8  joystick.o(.data)
    SW_DOWN                                  0x200087d4   Data           8  joystick.o(.data)
    SW_UP                                    0x200087dc   Data           8  joystick.o(.data)
    POT_2                                    0x200087e4   Data           8  joystick.o(.data)
    POT_3                                    0x200087ec   Data           8  joystick.o(.data)
    UP                                       0x200087f4   Data           4  thread.o(.data)
    DOWN                                     0x200087f8   Data           4  thread.o(.data)
    RIGHT                                    0x200087fc   Data           4  thread.o(.data)
    LEFT                                     0x20008800   Data           4  thread.o(.data)
    CENTER                                   0x20008804   Data           4  thread.o(.data)
    contUp                                   0x20008808   Data           4  thread.o(.data)
    contDown                                 0x2000880c   Data           4  thread.o(.data)
    contRight                                0x20008810   Data           4  thread.o(.data)
    contLeft                                 0x20008814   Data           4  thread.o(.data)
    contCenter                               0x20008818   Data           4  thread.o(.data)
    tid_rebotes                              0x2000881c   Data           4  thread.o(.data)
    irqRtxLibRef                             0x20008824   Data           4  rtx_lib.o(.data)
    uwTick                                   0x2000882c   Data           4  stm32f4xx_hal.o(.data)
    uwTickPrio                               0x20008830   Data           4  stm32f4xx_hal.o(.data)
    uwTickFreq                               0x20008834   Data           1  stm32f4xx_hal.o(.data)
    SystemCoreClock                          0x20008838   Data           4  system_stm32f4xx.o(.data)
    __aeabi_stdin                            0x2000883c   Data           4  stdio_streams.o(.data)
    __aeabi_stdout                           0x20008840   Data           4  stdio_streams.o(.data)
    __aeabi_stderr                           0x20008844   Data           4  stdio_streams.o(.data)
    _stream_list_lock                        0x20008848   Data           4  streamlock.o(.data)
    osRtxInfo                                0x2000884c   Data         164  rtx_kernel.o(.data.os)
    htim1                                    0x20008cf0   Data          64  speaker.o(.bss)
    htim6                                    0x20008d30   Data          64  delay.o(.bss)
    IwdgHandle                               0x20008d70   Data          12  watchdog.o(.bss)
    __stdin                                  0x20008db4   Data          84  stdio_streams.o(.bss)
    __stdout                                 0x20008e08   Data          84  stdio_streams.o(.bss)
    __stderr                                 0x20008e5c   Data          84  stdio_streams.o(.bss)
    __libspace_start                         0x20008eb0   Data          96  libspace.o(.bss)
    __temporary_stack_top$libspace           0x20008f10   Data           0  libspace.o(.bss)



==============================================================================

Memory Map of the image

  Image Entry point : 0x080001ad

  Load Region LR_IROM1 (Base: 0x08000000, Size: 0x0000f654, Max: 0x00200000, ABSOLUTE, COMPRESSED[0x00006ee8])

    Execution Region ER_IROM1 (Exec base: 0x08000000, Load base: 0x08000000, Size: 0x00006d64, Max: 0x00200000, ABSOLUTE)

    Exec Addr    Load Addr    Size         Type   Attr      Idx    E Section Name        Object

    0x08000000   0x08000000   0x000001ac   Data   RO         3000    RESET               startup_stm32f429xx.o
    0x080001ac   0x080001ac   0x00000008   Code   RO         3586  * !!!main             c_w.l(__main.o)
    0x080001b4   0x080001b4   0x00000034   Code   RO         3949    !!!scatter          c_w.l(__scatter.o)
    0x080001e8   0x080001e8   0x0000005a   Code   RO         3947    !!dczerorl2         c_w.l(__dczerorl2.o)
    0x08000242   0x08000242   0x00000002   PAD
    0x08000244   0x08000244   0x0000001c   Code   RO         3951    !!handler_zi        c_w.l(__scatter_zi.o)
    0x08000260   0x08000260   0x00000000   Code   RO         3577    .ARM.Collect$$_printf_percent$$00000000  c_w.l(_printf_percent.o)
    0x08000260   0x08000260   0x00000006   Code   RO         3574    .ARM.Collect$$_printf_percent$$00000001  c_w.l(_printf_n.o)
    0x08000266   0x08000266   0x00000006   Code   RO         3575    .ARM.Collect$$_printf_percent$$00000002  c_w.l(_printf_p.o)
    0x0800026c   0x0800026c   0x00000006   Code   RO         3576    .ARM.Collect$$_printf_percent$$00000009  c_w.l(_printf_d.o)
    0x08000272   0x08000272   0x00000006   Code   RO         3573    .ARM.Collect$$_printf_percent$$00000014  c_w.l(_printf_s.o)
    0x08000278   0x08000278   0x00000004   Code   RO         3603    .ARM.Collect$$_printf_percent$$00000017  c_w.l(_printf_percent_end.o)
    0x0800027c   0x0800027c   0x00000002   Code   RO         3734    .ARM.Collect$$libinit$$00000000  c_w.l(libinit.o)
    0x0800027e   0x0800027e   0x00000004   Code   RO         3735    .ARM.Collect$$libinit$$00000001  c_w.l(libinit2.o)
    0x08000282   0x08000282   0x00000000   Code   RO         3738    .ARM.Collect$$libinit$$00000004  c_w.l(libinit2.o)
    0x08000282   0x08000282   0x00000008   Code   RO         3739    .ARM.Collect$$libinit$$00000005  c_w.l(libinit2.o)
    0x0800028a   0x0800028a   0x00000000   Code   RO         3741    .ARM.Collect$$libinit$$0000000A  c_w.l(libinit2.o)
    0x0800028a   0x0800028a   0x00000000   Code   RO         3743    .ARM.Collect$$libinit$$0000000C  c_w.l(libinit2.o)
    0x0800028a   0x0800028a   0x00000000   Code   RO         3745    .ARM.Collect$$libinit$$0000000E  c_w.l(libinit2.o)
    0x0800028a   0x0800028a   0x00000000   Code   RO         3748    .ARM.Collect$$libinit$$00000011  c_w.l(libinit2.o)
    0x0800028a   0x0800028a   0x00000000   Code   RO         3750    .ARM.Collect$$libinit$$00000013  c_w.l(libinit2.o)
    0x0800028a   0x0800028a   0x00000000   Code   RO         3752    .ARM.Collect$$libinit$$00000015  c_w.l(libinit2.o)
    0x0800028a   0x0800028a   0x00000000   Code   RO         3754    .ARM.Collect$$libinit$$00000017  c_w.l(libinit2.o)
    0x0800028a   0x0800028a   0x00000000   Code   RO         3756    .ARM.Collect$$libinit$$00000019  c_w.l(libinit2.o)
    0x0800028a   0x0800028a   0x00000000   Code   RO         3758    .ARM.Collect$$libinit$$0000001B  c_w.l(libinit2.o)
    0x0800028a   0x0800028a   0x00000000   Code   RO         3760    .ARM.Collect$$libinit$$0000001D  c_w.l(libinit2.o)
    0x0800028a   0x0800028a   0x00000000   Code   RO         3762    .ARM.Collect$$libinit$$0000001F  c_w.l(libinit2.o)
    0x0800028a   0x0800028a   0x00000000   Code   RO         3764    .ARM.Collect$$libinit$$00000021  c_w.l(libinit2.o)
    0x0800028a   0x0800028a   0x00000000   Code   RO         3766    .ARM.Collect$$libinit$$00000023  c_w.l(libinit2.o)
    0x0800028a   0x0800028a   0x00000004   Code   RO         3767    .ARM.Collect$$libinit$$00000024  c_w.l(libinit2.o)
    0x0800028e   0x0800028e   0x00000000   Code   RO         3768    .ARM.Collect$$libinit$$00000025  c_w.l(libinit2.o)
    0x0800028e   0x0800028e   0x00000000   Code   RO         3772    .ARM.Collect$$libinit$$0000002C  c_w.l(libinit2.o)
    0x0800028e   0x0800028e   0x00000000   Code   RO         3774    .ARM.Collect$$libinit$$0000002E  c_w.l(libinit2.o)
    0x0800028e   0x0800028e   0x00000000   Code   RO         3776    .ARM.Collect$$libinit$$00000030  c_w.l(libinit2.o)
    0x0800028e   0x0800028e   0x00000000   Code   RO         3778    .ARM.Collect$$libinit$$00000032  c_w.l(libinit2.o)
    0x0800028e   0x0800028e   0x00000002   Code   RO         3779    .ARM.Collect$$libinit$$00000033  c_w.l(libinit2.o)
    0x08000290   0x08000290   0x00000002   Code   RO         3928    .ARM.Collect$$libshutdown$$00000000  c_w.l(libshutdown.o)
    0x08000292   0x08000292   0x00000000   Code   RO         3781    .ARM.Collect$$libshutdown$$00000002  c_w.l(libshutdown2.o)
    0x08000292   0x08000292   0x00000004   Code   RO         3782    .ARM.Collect$$libshutdown$$00000003  c_w.l(libshutdown2.o)
    0x08000296   0x08000296   0x00000000   Code   RO         3783    .ARM.Collect$$libshutdown$$00000004  c_w.l(libshutdown2.o)
    0x08000296   0x08000296   0x00000000   Code   RO         3786    .ARM.Collect$$libshutdown$$00000007  c_w.l(libshutdown2.o)
    0x08000296   0x08000296   0x00000000   Code   RO         3789    .ARM.Collect$$libshutdown$$0000000A  c_w.l(libshutdown2.o)
    0x08000296   0x08000296   0x00000000   Code   RO         3791    .ARM.Collect$$libshutdown$$0000000C  c_w.l(libshutdown2.o)
    0x08000296   0x08000296   0x00000004   Code   RO         3792    .ARM.Collect$$libshutdown$$0000000D  c_w.l(libshutdown2.o)
    0x0800029a   0x0800029a   0x00000000   Code   RO         3794    .ARM.Collect$$libshutdown$$0000000F  c_w.l(libshutdown2.o)
    0x0800029a   0x0800029a   0x00000002   Code   RO         3795    .ARM.Collect$$libshutdown$$00000010  c_w.l(libshutdown2.o)
    0x0800029c   0x0800029c   0x00000000   Code   RO         3588    .ARM.Collect$$rtentry$$00000000  c_w.l(__rtentry.o)
    0x0800029c   0x0800029c   0x00000000   Code   RO         3613    .ARM.Collect$$rtentry$$00000002  c_w.l(__rtentry2.o)
    0x0800029c   0x0800029c   0x00000006   Code   RO         3625    .ARM.Collect$$rtentry$$00000004  c_w.l(__rtentry4.o)
    0x080002a2   0x080002a2   0x00000008   Code   RO         3614    .ARM.Collect$$rtentry$$00000008  c_w.l(__rtentry2.o)
    0x080002aa   0x080002aa   0x00000004   Code   RO         3616    .ARM.Collect$$rtentry$$0000000A  c_w.l(__rtentry2.o)
    0x080002ae   0x080002ae   0x00000000   Code   RO         3618    .ARM.Collect$$rtentry$$0000000C  c_w.l(__rtentry2.o)
    0x080002ae   0x080002ae   0x00000008   Code   RO         3619    .ARM.Collect$$rtentry$$0000000D  c_w.l(__rtentry2.o)
    0x080002b6   0x080002b6   0x00000002   Code   RO         3804    .ARM.Collect$$rtexit$$00000000  c_w.l(rtexit.o)
    0x080002b8   0x080002b8   0x00000000   Code   RO         3864    .ARM.Collect$$rtexit$$00000002  c_w.l(rtexit2.o)
    0x080002b8   0x080002b8   0x00000004   Code   RO         3865    .ARM.Collect$$rtexit$$00000003  c_w.l(rtexit2.o)
    0x080002bc   0x080002bc   0x00000006   Code   RO         3866    .ARM.Collect$$rtexit$$00000004  c_w.l(rtexit2.o)
    0x080002c2   0x080002c2   0x00000002   PAD
    0x080002c4   0x080002c4   0x00000000   Code   RO         3871    .emb_text           c_w.l(maybetermalloc2.o)
    0x080002c4   0x080002c4   0x00000040   Code   RO         3001    .text               startup_stm32f429xx.o
    0x08000304   0x08000304   0x000000c4   Code   RO         3297    .text               RTX_CM4F.lib(irq_cm4f.o)
    0x080003c8   0x080003c8   0x000000ee   Code   RO         3512    .text               c_w.l(lludivv7m.o)
    0x080004b6   0x080004b6   0x00000002   PAD
    0x080004b8   0x080004b8   0x00000018   Code   RO         3514    .text               c_w.l(__2printf.o)
    0x080004d0   0x080004d0   0x0000002c   Code   RO         3516    .text               c_w.l(__2sprintf.o)
    0x080004fc   0x080004fc   0x0000004e   Code   RO         3524    .text               c_w.l(_printf_pad.o)
    0x0800054a   0x0800054a   0x00000052   Code   RO         3526    .text               c_w.l(_printf_str.o)
    0x0800059c   0x0800059c   0x00000078   Code   RO         3528    .text               c_w.l(_printf_dec.o)
    0x08000614   0x08000614   0x00000028   Code   RO         3530    .text               c_w.l(_printf_charcount.o)
    0x0800063c   0x0800063c   0x00000054   Code   RO         3541    .text               c_w.l(_printf_hex_ptr.o)
    0x08000690   0x08000690   0x00000188   Code   RO         3570    .text               c_w.l(__printf_flags_ss_wp.o)
    0x08000818   0x08000818   0x0000008a   Code   RO         3578    .text               c_w.l(rt_memcpy_v6.o)
    0x080008a2   0x080008a2   0x00000044   Code   RO         3580    .text               c_w.l(rt_memclr.o)
    0x080008e6   0x080008e6   0x0000004e   Code   RO         3582    .text               c_w.l(rt_memclr_w.o)
    0x08000934   0x08000934   0x00000006   Code   RO         3584    .text               c_w.l(heapauxi.o)
    0x0800093a   0x0800093a   0x000000b2   Code   RO         3593    .text               c_w.l(_printf_intcommon.o)
    0x080009ec   0x080009ec   0x00000030   Code   RO         3595    .text               c_w.l(_printf_char_common.o)
    0x08000a1c   0x08000a1c   0x0000000a   Code   RO         3597    .text               c_w.l(_sputc.o)
    0x08000a26   0x08000a26   0x0000002c   Code   RO         3599    .text               c_w.l(_printf_char.o)
    0x08000a52   0x08000a52   0x00000064   Code   RO         3610    .text               c_w.l(rt_memcpy_w.o)
    0x08000ab6   0x08000ab6   0x00000002   PAD
    0x08000ab8   0x08000ab8   0x000001c8   Code   RO         3643    .text               c_w.l(initio_locked.o)
    0x08000c80   0x08000c80   0x00000066   Code   RO         3645    .text               c_w.l(sys_io.o)
    0x08000ce6   0x08000ce6   0x0000004a   Code   RO         3650    .text               c_w.l(sys_stackheap_outer.o)
    0x08000d30   0x08000d30   0x00000076   Code   RO         3656    .text               c_w.l(h1_free_mt.o)
    0x08000da6   0x08000da6   0x000001d6   Code   RO         3708    .text               c_w.l(flsbuf.o)
    0x08000f7c   0x08000f7c   0x0000004c   Code   RO         3715    .text               c_w.l(fclose.o)
    0x08000fc8   0x08000fc8   0x00000068   Code   RO         3717    .text               c_w.l(setvbuf_locked.o)
    0x08001030   0x08001030   0x00000144   Code   RO         3719    .text               c_w.l(fopen_locked.o)
    0x08001174   0x08001174   0x00000012   Code   RO         3721    .text               c_w.l(exit.o)
    0x08001186   0x08001186   0x0000000e   Code   RO         3727    .text               c_w.l(defsig_rtred_outer.o)
    0x08001194   0x08001194   0x00000008   Code   RO         3798    .text               c_w.l(libspace.o)
    0x0800119c   0x0800119c   0x00000002   Code   RO         3801    .text               c_w.l(use_no_semi.o)
    0x0800119e   0x0800119e   0x00000000   Code   RO         3803    .text               c_w.l(indicate_semi.o)
    0x0800119e   0x0800119e   0x0000000a   Code   RO         3813    .text               c_w.l(rt_heap_descriptor_twolibspace.o)
    0x080011a8   0x080011a8   0x00000004   Code   RO         3815    .text               c_w.l(hguard.o)
    0x080011ac   0x080011ac   0x0000008a   Code   RO         3817    .text               c_w.l(init_alloc.o)
    0x08001236   0x08001236   0x0000009e   Code   RO         3825    .text               c_w.l(h1_alloc_mt.o)
    0x080012d4   0x080012d4   0x00000040   Code   RO         3837    .text               c_w.l(_printf_char_file_locked.o)
    0x08001314   0x08001314   0x000000f8   Code   RO         3839    .text               c_w.l(fseek.o)
    0x0800140c   0x0800140c   0x000000f0   Code   RO         3841    .text               c_w.l(stdio.o)
    0x080014fc   0x080014fc   0x0000000a   Code   RO         3847    .text               c_w.l(defsig_exit.o)
    0x08001506   0x08001506   0x00000002   PAD
    0x08001508   0x08001508   0x00000034   Code   RO         3851    .text               c_w.l(defsig_rtred_inner.o)
    0x0800153c   0x0800153c   0x0000003e   Code   RO         3855    .text               c_w.l(strlen.o)
    0x0800157a   0x0800157a   0x00000002   PAD
    0x0800157c   0x0800157c   0x0000000c   Code   RO         3861    .text               c_w.l(sys_exit.o)
    0x08001588   0x08001588   0x00000012   Code   RO         3876    .text               c_w.l(h1_init_mt.o)
    0x0800159a   0x0800159a   0x0000003e   Code   RO         3878    .text               c_w.l(h1_extend_mt.o)
    0x080015d8   0x080015d8   0x00000042   Code   RO         3884    .text               c_w.l(ftell.o)
    0x0800161a   0x0800161a   0x00000032   Code   RO         3892    .text               c_w.l(defsig_general.o)
    0x0800164c   0x0800164c   0x0000000e   Code   RO         3894    .text               c_w.l(defsig_rtmem_outer.o)
    0x0800165a   0x0800165a   0x0000000e   Code   RO         3907    .text               c_w.l(sys_wrch.o)
    0x08001668   0x08001668   0x00000004   Code   RO         3916    .text               c_w.l(rt_errno_addr_twolibspace.o)
    0x0800166c   0x0800166c   0x00000010   Code   RO         3920    .text               c_w.l(term_alloc.o)
    0x0800167c   0x0800167c   0x00000050   Code   RO         3922    .text               c_w.l(defsig_rtmem_inner.o)
    0x080016cc   0x080016cc   0x0000000a   Code   RO         3931    .text               c_w.l(h1_final_mt.o)
    0x080016d6   0x080016d6   0x00000040   Code   RO         3494    .text.MessageQueueGet  RTX_CM4F.lib(rtx_msgqueue.o)
    0x08001716   0x08001716   0x00000058   Code   RO         3488    .text.MessageQueuePut  RTX_CM4F.lib(rtx_msgqueue.o)
    0x0800176e   0x0800176e   0x0000001c   Code   RO         3486    .text.MessageQueueRemove  RTX_CM4F.lib(rtx_msgqueue.o)
    0x0800178a   0x0800178a   0x00000002   PAD
    0x0800178c   0x0800178c   0x0000000c   Code   RO         3432    .text.OS_Tick_AcknowledgeIRQ  RTX_CM4F.lib(os_systick.o)
    0x08001798   0x08001798   0x0000002c   Code   RO         3428    .text.OS_Tick_Enable  RTX_CM4F.lib(os_systick.o)
    0x080017c4   0x080017c4   0x00000006   Code   RO         3434    .text.OS_Tick_GetIRQn  RTX_CM4F.lib(os_systick.o)
    0x080017ca   0x080017ca   0x00000002   PAD
    0x080017cc   0x080017cc   0x00000040   Code   RO         3426    .text.OS_Tick_Setup  RTX_CM4F.lib(os_systick.o)
    0x0800180c   0x0800180c   0x0000006e   Code   RO         3190    .text.ThreadFlagsCheck  RTX_CM4F.lib(rtx_thread.o)
    0x0800187a   0x0800187a   0x00000002   PAD
    0x0800187c   0x0800187c   0x00000048   Code   RO         3318    .text.TimerInsert   RTX_CM4F.lib(rtx_timer.o)
    0x080018c4   0x080018c4   0x00000024   Code   RO         3243    .text.osDelay       RTX_CM4F.lib(rtx_delay.o)
    0x080018e8   0x080018e8   0x00000030   Code   RO         3051    .text.osKernelGetState  RTX_CM4F.lib(rtx_kernel.o)
    0x08001918   0x08001918   0x00000028   Code   RO         3067    .text.osKernelGetTickCount  RTX_CM4F.lib(rtx_kernel.o)
    0x08001940   0x08001940   0x0000002c   Code   RO         3045    .text.osKernelInitialize  RTX_CM4F.lib(rtx_kernel.o)
    0x0800196c   0x0800196c   0x00000024   Code   RO         3055    .text.osKernelStart  RTX_CM4F.lib(rtx_kernel.o)
    0x08001990   0x08001990   0x0000006c   Code   RO         3460    .text.osMessageQueueGet  RTX_CM4F.lib(rtx_msgqueue.o)
    0x080019fc   0x080019fc   0x00000024   Code   RO         3454    .text.osMessageQueueNew  RTX_CM4F.lib(rtx_msgqueue.o)
    0x08001a20   0x08001a20   0x00000078   Code   RO         3458    .text.osMessageQueuePut  RTX_CM4F.lib(rtx_msgqueue.o)
    0x08001a98   0x08001a98   0x00000024   Code   RO         3268    .text.osMutexAcquire  RTX_CM4F.lib(rtx_mutex.o)
    0x08001abc   0x08001abc   0x00000024   Code   RO         3274    .text.osMutexDelete  RTX_CM4F.lib(rtx_mutex.o)
    0x08001ae0   0x08001ae0   0x00000024   Code   RO         3264    .text.osMutexNew    RTX_CM4F.lib(rtx_mutex.o)
    0x08001b04   0x08001b04   0x00000024   Code   RO         3270    .text.osMutexRelease  RTX_CM4F.lib(rtx_mutex.o)
    0x08001b28   0x08001b28   0x00000002   Code   RO         3043    .text.osRtxKernelPreInit  RTX_CM4F.lib(rtx_kernel.o)
    0x08001b2a   0x08001b2a   0x00000070   Code   RO         3345    .text.osRtxMemoryAlloc  RTX_CM4F.lib(rtx_memory.o)
    0x08001b9a   0x08001b9a   0x00000046   Code   RO         3347    .text.osRtxMemoryFree  RTX_CM4F.lib(rtx_memory.o)
    0x08001be0   0x08001be0   0x0000003c   Code   RO         3343    .text.osRtxMemoryInit  RTX_CM4F.lib(rtx_memory.o)
    0x08001c1c   0x08001c1c   0x0000003a   Code   RO         3360    .text.osRtxMemoryPoolAlloc  RTX_CM4F.lib(rtx_mempool.o)
    0x08001c56   0x08001c56   0x0000004a   Code   RO         3362    .text.osRtxMemoryPoolFree  RTX_CM4F.lib(rtx_mempool.o)
    0x08001ca0   0x08001ca0   0x00000036   Code   RO         3358    .text.osRtxMemoryPoolInit  RTX_CM4F.lib(rtx_mempool.o)
    0x08001cd6   0x08001cd6   0x000000ba   Code   RO         3484    .text.osRtxMessageQueuePostProcess  RTX_CM4F.lib(rtx_msgqueue.o)
    0x08001d90   0x08001d90   0x00000048   Code   RO         3260    .text.osRtxMutexOwnerRelease  RTX_CM4F.lib(rtx_mutex.o)
    0x08001dd8   0x08001dd8   0x00000042   Code   RO         3262    .text.osRtxMutexOwnerRestore  RTX_CM4F.lib(rtx_mutex.o)
    0x08001e1a   0x08001e1a   0x00000002   PAD
    0x08001e1c   0x08001e1c   0x0000008c   Code   RO         3413    .text.osRtxPendSV_Handler  RTX_CM4F.lib(rtx_system.o)
    0x08001ea8   0x08001ea8   0x00000074   Code   RO         3415    .text.osRtxPostProcess  RTX_CM4F.lib(rtx_system.o)
    0x08001f1c   0x08001f1c   0x00000038   Code   RO         3130    .text.osRtxThreadBlock  RTX_CM4F.lib(rtx_thread.o)
    0x08001f54   0x08001f54   0x00000074   Code   RO         3138    .text.osRtxThreadDelayInsert  RTX_CM4F.lib(rtx_thread.o)
    0x08001fc8   0x08001fc8   0x0000003c   Code   RO         3134    .text.osRtxThreadDelayRemove  RTX_CM4F.lib(rtx_thread.o)
    0x08002004   0x08002004   0x0000004c   Code   RO         3118    .text.osRtxThreadDelayTick  RTX_CM4F.lib(rtx_thread.o)
    0x08002050   0x08002050   0x00000058   Code   RO         3128    .text.osRtxThreadDispatch  RTX_CM4F.lib(rtx_thread.o)
    0x080020a8   0x080020a8   0x00000058   Code   RO         3214    .text.osRtxThreadFree  RTX_CM4F.lib(rtx_thread.o)
    0x08002100   0x08002100   0x00000012   Code   RO         3110    .text.osRtxThreadListGet  RTX_CM4F.lib(rtx_thread.o)
    0x08002112   0x08002112   0x0000002c   Code   RO         3108    .text.osRtxThreadListPut  RTX_CM4F.lib(rtx_thread.o)
    0x0800213e   0x0800213e   0x00000014   Code   RO         3114    .text.osRtxThreadListRemove  RTX_CM4F.lib(rtx_thread.o)
    0x08002152   0x08002152   0x0000000c   Code   RO         3120    .text.osRtxThreadListRoot  RTX_CM4F.lib(rtx_thread.o)
    0x0800215e   0x0800215e   0x00000026   Code   RO         3112    .text.osRtxThreadListSort  RTX_CM4F.lib(rtx_thread.o)
    0x08002184   0x08002184   0x00000028   Code   RO         3188    .text.osRtxThreadPostProcess  RTX_CM4F.lib(rtx_thread.o)
    0x080021ac   0x080021ac   0x00000014   Code   RO         3116    .text.osRtxThreadReadyPut  RTX_CM4F.lib(rtx_thread.o)
    0x080021c0   0x080021c0   0x00000014   Code   RO         3122    .text.osRtxThreadRegPtr  RTX_CM4F.lib(rtx_thread.o)
    0x080021d4   0x080021d4   0x00000028   Code   RO         3126    .text.osRtxThreadStackCheck  RTX_CM4F.lib(rtx_thread.o)
    0x080021fc   0x080021fc   0x00000040   Code   RO         3140    .text.osRtxThreadStartup  RTX_CM4F.lib(rtx_thread.o)
    0x0800223c   0x0800223c   0x00000010   Code   RO         3124    .text.osRtxThreadSwitch  RTX_CM4F.lib(rtx_thread.o)
    0x0800224c   0x0800224c   0x00000038   Code   RO         3136    .text.osRtxThreadWaitEnter  RTX_CM4F.lib(rtx_thread.o)
    0x08002284   0x08002284   0x00000032   Code   RO         3132    .text.osRtxThreadWaitExit  RTX_CM4F.lib(rtx_thread.o)
    0x080022b6   0x080022b6   0x00000002   PAD
    0x080022b8   0x080022b8   0x00000070   Code   RO         3411    .text.osRtxTick_Handler  RTX_CM4F.lib(rtx_system.o)
    0x08002328   0x08002328   0x0000003c   Code   RO         3302    .text.osRtxTimerThread  RTX_CM4F.lib(rtx_timer.o)
    0x08002364   0x08002364   0x00000054   Code   RO         3304    .text.osRtxTimerTick  RTX_CM4F.lib(rtx_timer.o)
    0x080023b8   0x080023b8   0x0000000c   Code   RO         3172    .text.osThreadExit  RTX_CM4F.lib(rtx_thread.o)
    0x080023c4   0x080023c4   0x00000024   Code   RO         3182    .text.osThreadFlagsClear  RTX_CM4F.lib(rtx_thread.o)
    0x080023e8   0x080023e8   0x00000058   Code   RO         3180    .text.osThreadFlagsSet  RTX_CM4F.lib(rtx_thread.o)
    0x08002440   0x08002440   0x00000024   Code   RO         3186    .text.osThreadFlagsWait  RTX_CM4F.lib(rtx_thread.o)
    0x08002464   0x08002464   0x00000028   Code   RO         3148    .text.osThreadGetId  RTX_CM4F.lib(rtx_thread.o)
    0x0800248c   0x0800248c   0x00000024   Code   RO         3144    .text.osThreadNew   RTX_CM4F.lib(rtx_thread.o)
    0x080024b0   0x080024b0   0x00000014   Code   RO         3247    .text.svcRtxDelay   RTX_CM4F.lib(rtx_delay.o)
    0x080024c4   0x080024c4   0x0000000c   Code   RO         3053    .text.svcRtxKernelGetState  RTX_CM4F.lib(rtx_kernel.o)
    0x080024d0   0x080024d0   0x0000000c   Code   RO         3069    .text.svcRtxKernelGetTickCount  RTX_CM4F.lib(rtx_kernel.o)
    0x080024dc   0x080024dc   0x00000150   Code   RO         3083    .text.svcRtxKernelInitialize  RTX_CM4F.lib(rtx_kernel.o)
    0x0800262c   0x0800262c   0x00000088   Code   RO         3085    .text.svcRtxKernelStart  RTX_CM4F.lib(rtx_kernel.o)
    0x080026b4   0x080026b4   0x000000e0   Code   RO         3496    .text.svcRtxMessageQueueGet  RTX_CM4F.lib(rtx_msgqueue.o)
    0x08002794   0x08002794   0x00000130   Code   RO         3482    .text.svcRtxMessageQueueNew  RTX_CM4F.lib(rtx_msgqueue.o)
    0x080028c4   0x080028c4   0x000000c0   Code   RO         3492    .text.svcRtxMessageQueuePut  RTX_CM4F.lib(rtx_msgqueue.o)
    0x08002984   0x08002984   0x00000094   Code   RO         3280    .text.svcRtxMutexAcquire  RTX_CM4F.lib(rtx_mutex.o)
    0x08002a18   0x08002a18   0x000000b0   Code   RO         3286    .text.svcRtxMutexDelete  RTX_CM4F.lib(rtx_mutex.o)
    0x08002ac8   0x08002ac8   0x00000068   Code   RO         3276    .text.svcRtxMutexNew  RTX_CM4F.lib(rtx_mutex.o)
    0x08002b30   0x08002b30   0x000000b4   Code   RO         3282    .text.svcRtxMutexRelease  RTX_CM4F.lib(rtx_mutex.o)
    0x08002be4   0x08002be4   0x00000068   Code   RO         3218    .text.svcRtxThreadExit  RTX_CM4F.lib(rtx_thread.o)
    0x08002c4c   0x08002c4c   0x00000034   Code   RO         3228    .text.svcRtxThreadFlagsClear  RTX_CM4F.lib(rtx_thread.o)
    0x08002c80   0x08002c80   0x00000066   Code   RO         3226    .text.svcRtxThreadFlagsSet  RTX_CM4F.lib(rtx_thread.o)
    0x08002ce6   0x08002ce6   0x00000002   PAD
    0x08002ce8   0x08002ce8   0x0000004c   Code   RO         3232    .text.svcRtxThreadFlagsWait  RTX_CM4F.lib(rtx_thread.o)
    0x08002d34   0x08002d34   0x0000000c   Code   RO         3150    .text.svcRtxThreadGetId  RTX_CM4F.lib(rtx_thread.o)
    0x08002d40   0x08002d40   0x000001d0   Code   RO         3142    .text.svcRtxThreadNew  RTX_CM4F.lib(rtx_thread.o)
    0x08002f10   0x08002f10   0x00000004   Code   RO          182    i.BusFault_Handler  stm32f4xx_it.o
    0x08002f14   0x08002f14   0x00000002   Code   RO          183    i.DebugMon_Handler  stm32f4xx_it.o
    0x08002f16   0x08002f16   0x0000001a   Code   RO          470    i.Delay_ms          delay.o
    0x08002f30   0x08002f30   0x00000018   Code   RO          471    i.Delay_us          delay.o
    0x08002f48   0x08002f48   0x00000014   Code   RO          184    i.EXTI15_10_IRQHandler  stm32f4xx_it.o
    0x08002f5c   0x08002f5c   0x0000000a   Code   RO          185    i.EXTI2_IRQHandler  stm32f4xx_it.o
    0x08002f66   0x08002f66   0x0000000a   Code   RO          186    i.EXTI3_IRQHandler  stm32f4xx_it.o
    0x08002f70   0x08002f70   0x0000000a   Code   RO          187    i.EXTI9_5_IRQHandler  stm32f4xx_it.o
    0x08002f7a   0x08002f7a   0x00000002   PAD
    0x08002f7c   0x08002f7c   0x00000184   Code   RO          660    i.Enable_GPIO_Clock  usart_stm32f4xx.o
    0x08003100   0x08003100   0x0000016c   Code   RO            4    i.Error_Handler     main.o
    0x0800326c   0x0800326c   0x000000aa   Code   RO         1196    i.HAL_DMA_Abort     stm32f4xx_hal_dma.o
    0x08003316   0x08003316   0x00000002   PAD
    0x08003318   0x08003318   0x00000180   Code   RO         1340    i.HAL_GPIO_DeInit   stm32f4xx_hal_gpio.o
    0x08003498   0x08003498   0x00000120   Code   RO          347    i.HAL_GPIO_EXTI_Callback  thread.o
    0x080035b8   0x080035b8   0x0000001c   Code   RO         1342    i.HAL_GPIO_EXTI_IRQHandler  stm32f4xx_hal_gpio.o
    0x080035d4   0x080035d4   0x0000021c   Code   RO         1343    i.HAL_GPIO_Init     stm32f4xx_hal_gpio.o
    0x080037f0   0x080037f0   0x00000010   Code   RO         1345    i.HAL_GPIO_ReadPin  stm32f4xx_hal_gpio.o
    0x08003800   0x08003800   0x0000000c   Code   RO         1347    i.HAL_GPIO_WritePin  stm32f4xx_hal_gpio.o
    0x0800380c   0x0800380c   0x0000004c   Code   RO            5    i.HAL_GetTick       main.o
    0x08003858   0x08003858   0x00000050   Code   RO         1406    i.HAL_IWDG_Init     stm32f4xx_hal_iwdg.o
    0x080038a8   0x080038a8   0x0000000e   Code   RO         1407    i.HAL_IWDG_Refresh  stm32f4xx_hal_iwdg.o
    0x080038b6   0x080038b6   0x00000002   PAD
    0x080038b8   0x080038b8   0x00000030   Code   RO          877    i.HAL_Init          stm32f4xx_hal.o
    0x080038e8   0x080038e8   0x0000004c   Code   RO          878    i.HAL_InitTick      stm32f4xx_hal.o
    0x08003934   0x08003934   0x00000048   Code   RO          264    i.HAL_MspInit       stm32f4xx_hal_msp.o
    0x0800397c   0x0800397c   0x0000002c   Code   RO         1057    i.HAL_NVIC_DisableIRQ  stm32f4xx_hal_cortex.o
    0x080039a8   0x080039a8   0x00000028   Code   RO         1058    i.HAL_NVIC_EnableIRQ  stm32f4xx_hal_cortex.o
    0x080039d0   0x080039d0   0x0000007c   Code   RO         1064    i.HAL_NVIC_SetPriority  stm32f4xx_hal_cortex.o
    0x08003a4c   0x08003a4c   0x00000028   Code   RO         1065    i.HAL_NVIC_SetPriorityGrouping  stm32f4xx_hal_cortex.o
    0x08003a74   0x08003a74   0x0000008c   Code   RO         1562    i.HAL_PWREx_EnableOverDrive  stm32f4xx_hal_pwr_ex.o
    0x08003b00   0x08003b00   0x00000184   Code   RO         1629    i.HAL_RCC_ClockConfig  stm32f4xx_hal_rcc.o
    0x08003c84   0x08003c84   0x0000000c   Code   RO         1634    i.HAL_RCC_GetHCLKFreq  stm32f4xx_hal_rcc.o
    0x08003c90   0x08003c90   0x00000020   Code   RO         1636    i.HAL_RCC_GetPCLK1Freq  stm32f4xx_hal_rcc.o
    0x08003cb0   0x08003cb0   0x000000b0   Code   RO         1638    i.HAL_RCC_GetSysClockFreq  stm32f4xx_hal_rcc.o
    0x08003d60   0x08003d60   0x00000488   Code   RO         1641    i.HAL_RCC_OscConfig  stm32f4xx_hal_rcc.o
    0x080041e8   0x080041e8   0x00000034   Code   RO         1069    i.HAL_SYSTICK_Config  stm32f4xx_hal_cortex.o
    0x0800421c   0x0800421c   0x00000074   Code   RO         2487    i.HAL_TIMEx_ConfigBreakDeadTime  stm32f4xx_hal_tim_ex.o
    0x08004290   0x08004290   0x000000b4   Code   RO         2502    i.HAL_TIMEx_MasterConfigSynchronization  stm32f4xx_hal_tim_ex.o
    0x08004344   0x08004344   0x00000034   Code   RO         1798    i.HAL_TIM_Base_Init  stm32f4xx_hal_tim.o
    0x08004378   0x08004378   0x00000064   Code   RO          265    i.HAL_TIM_Base_MspInit  stm32f4xx_hal_msp.o
    0x080043dc   0x080043dc   0x0000002a   Code   RO         1801    i.HAL_TIM_Base_Start  stm32f4xx_hal_tim.o
    0x08004406   0x08004406   0x00000108   Code   RO         1807    i.HAL_TIM_ConfigClockSource  stm32f4xx_hal_tim.o
    0x0800450e   0x0800450e   0x00000002   PAD
    0x08004510   0x08004510   0x00000060   Code   RO          266    i.HAL_TIM_MspPostInit  stm32f4xx_hal_msp.o
    0x08004570   0x08004570   0x00000108   Code   RO         1865    i.HAL_TIM_PWM_ConfigChannel  stm32f4xx_hal_tim.o
    0x08004678   0x08004678   0x00000034   Code   RO         1868    i.HAL_TIM_PWM_Init  stm32f4xx_hal_tim.o
    0x080046ac   0x080046ac   0x00000002   Code   RO         1870    i.HAL_TIM_PWM_MspInit  stm32f4xx_hal_tim.o
    0x080046ae   0x080046ae   0x00000002   PAD
    0x080046b0   0x080046b0   0x00000058   Code   RO         1873    i.HAL_TIM_PWM_Start  stm32f4xx_hal_tim.o
    0x08004708   0x08004708   0x00000088   Code   RO         1876    i.HAL_TIM_PWM_Stop  stm32f4xx_hal_tim.o
    0x08004790   0x08004790   0x00000004   Code   RO          188    i.HardFault_Handler  stm32f4xx_it.o
    0x08004794   0x08004794   0x000000d0   Code   RO          305    i.IRQ_Fall_Enable   joystick.o
    0x08004864   0x08004864   0x000000d0   Code   RO          306    i.IRQ_Rise_Enable   joystick.o
    0x08004934   0x08004934   0x00000080   Code   RO          472    i.Init_Delay        delay.o
    0x080049b4   0x080049b4   0x00000104   Code   RO          307    i.Init_GPIO         joystick.o
    0x08004ab8   0x08004ab8   0x00000004   Code   RO          189    i.MemManage_Handler  stm32f4xx_it.o
    0x08004abc   0x08004abc   0x00000002   Code   RO          190    i.NMI_Handler       stm32f4xx_it.o
    0x08004abe   0x08004abe   0x00000002   PAD
    0x08004ac0   0x08004ac0   0x000000c8   Code   RO            6    i.SystemClock_Config  main.o
    0x08004b88   0x08004b88   0x000000c0   Code   RO         3008    i.SystemCoreClockUpdate  system_stm32f4xx.o
    0x08004c48   0x08004c48   0x0000001c   Code   RO         3009    i.SystemInit        system_stm32f4xx.o
    0x08004c64   0x08004c64   0x000000d8   Code   RO         1886    i.TIM_Base_SetConfig  stm32f4xx_hal_tim.o
    0x08004d3c   0x08004d3c   0x00000022   Code   RO         1887    i.TIM_CCxChannelCmd  stm32f4xx_hal_tim.o
    0x08004d5e   0x08004d5e   0x00000016   Code   RO         1897    i.TIM_ETR_SetConfig  stm32f4xx_hal_tim.o
    0x08004d74   0x08004d74   0x00000012   Code   RO         1898    i.TIM_ITRx_SetConfig  stm32f4xx_hal_tim.o
    0x08004d86   0x08004d86   0x00000002   PAD
    0x08004d88   0x08004d88   0x00000070   Code   RO         1899    i.TIM_OC1_SetConfig  stm32f4xx_hal_tim.o
    0x08004df8   0x08004df8   0x0000007c   Code   RO         1900    i.TIM_OC2_SetConfig  stm32f4xx_hal_tim.o
    0x08004e74   0x08004e74   0x00000078   Code   RO         1901    i.TIM_OC3_SetConfig  stm32f4xx_hal_tim.o
    0x08004eec   0x08004eec   0x00000054   Code   RO         1902    i.TIM_OC4_SetConfig  stm32f4xx_hal_tim.o
    0x08004f40   0x08004f40   0x00000026   Code   RO         1904    i.TIM_TI1_ConfigInputStage  stm32f4xx_hal_tim.o
    0x08004f66   0x08004f66   0x00000028   Code   RO         1906    i.TIM_TI2_ConfigInputStage  stm32f4xx_hal_tim.o
    0x08004f8e   0x08004f8e   0x00000002   PAD
    0x08004f90   0x08004f90   0x00000018   Code   RO          661    i.USART3_Control    usart_stm32f4xx.o
    0x08004fa8   0x08004fa8   0x00000010   Code   RO          662    i.USART3_GetCapabilities  usart_stm32f4xx.o
    0x08004fb8   0x08004fb8   0x00000010   Code   RO          663    i.USART3_GetModemStatus  usart_stm32f4xx.o
    0x08004fc8   0x08004fc8   0x00000010   Code   RO          664    i.USART3_GetRxCount  usart_stm32f4xx.o
    0x08004fd8   0x08004fd8   0x00000010   Code   RO          665    i.USART3_GetStatus  usart_stm32f4xx.o
    0x08004fe8   0x08004fe8   0x00000010   Code   RO          666    i.USART3_GetTxCount  usart_stm32f4xx.o
    0x08004ff8   0x08004ff8   0x00000010   Code   RO          667    i.USART3_IRQHandler  usart_stm32f4xx.o
    0x08005008   0x08005008   0x00000014   Code   RO          668    i.USART3_Initialize  usart_stm32f4xx.o
    0x0800501c   0x0800501c   0x00000014   Code   RO          669    i.USART3_PowerControl  usart_stm32f4xx.o
    0x08005030   0x08005030   0x00000018   Code   RO          670    i.USART3_Receive    usart_stm32f4xx.o
    0x08005048   0x08005048   0x00000018   Code   RO          671    i.USART3_Send       usart_stm32f4xx.o
    0x08005060   0x08005060   0x00000014   Code   RO          672    i.USART3_SetModemControl  usart_stm32f4xx.o
    0x08005074   0x08005074   0x0000001c   Code   RO          673    i.USART3_Transfer   usart_stm32f4xx.o
    0x08005090   0x08005090   0x00000010   Code   RO          674    i.USART3_Uninitialize  usart_stm32f4xx.o
    0x080050a0   0x080050a0   0x000008ec   Code   RO          675    i.USART_Control     usart_stm32f4xx.o
    0x0800598c   0x0800598c   0x00000006   Code   RO          676    i.USART_GetCapabilities  usart_stm32f4xx.o
    0x08005992   0x08005992   0x00000052   Code   RO          677    i.USART_GetModemStatus  usart_stm32f4xx.o
    0x080059e4   0x080059e4   0x00000008   Code   RO          678    i.USART_GetRxCount  usart_stm32f4xx.o
    0x080059ec   0x080059ec   0x00000076   Code   RO          679    i.USART_GetStatus   usart_stm32f4xx.o
    0x08005a62   0x08005a62   0x00000008   Code   RO          680    i.USART_GetTxCount  usart_stm32f4xx.o
    0x08005a6a   0x08005a6a   0x00000272   Code   RO          681    i.USART_IRQHandler  usart_stm32f4xx.o
    0x08005cdc   0x08005cdc   0x00000092   Code   RO          682    i.USART_Initialize  usart_stm32f4xx.o
    0x08005d6e   0x08005d6e   0x00000002   PAD
    0x08005d70   0x08005d70   0x0000019c   Code   RO          683    i.USART_PeripheralReset  usart_stm32f4xx.o
    0x08005f0c   0x08005f0c   0x00000364   Code   RO          684    i.USART_PowerControl  usart_stm32f4xx.o
    0x08006270   0x08006270   0x000000a2   Code   RO          685    i.USART_Receive     usart_stm32f4xx.o
    0x08006312   0x08006312   0x00000088   Code   RO          686    i.USART_Send        usart_stm32f4xx.o
    0x0800639a   0x0800639a   0x0000008c   Code   RO          687    i.USART_SetModemControl  usart_stm32f4xx.o
    0x08006426   0x08006426   0x0000006a   Code   RO          688    i.USART_Transfer    usart_stm32f4xx.o
    0x08006490   0x08006490   0x0000006a   Code   RO          689    i.USART_Uninitialize  usart_stm32f4xx.o
    0x080064fa   0x080064fa   0x00000002   PAD
    0x080064fc   0x080064fc   0x00000010   Code   RO          690    i.USARTx_GetVersion  usart_stm32f4xx.o
    0x0800650c   0x0800650c   0x00000004   Code   RO          191    i.UsageFault_Handler  stm32f4xx_it.o
    0x08006510   0x08006510   0x00000010   Code   RO         1071    i.__NVIC_GetPriorityGrouping  stm32f4xx_hal_cortex.o
    0x08006520   0x08006520   0x00000028   Code   RO         1072    i.__NVIC_SetPriority  stm32f4xx_hal_cortex.o
    0x08006548   0x08006548   0x00000058   Code   RO          542    i.__user_perthread_libspace  rtx_lib.o
    0x080065a0   0x080065a0   0x0000000e   Code   RO         3563    i._is_digit         c_w.l(__printf_wp.o)
    0x080065ae   0x080065ae   0x00000016   Code   RO          543    i._mutex_acquire    rtx_lib.o
    0x080065c4   0x080065c4   0x0000000c   Code   RO          544    i._mutex_free       rtx_lib.o
    0x080065d0   0x080065d0   0x00000022   Code   RO          545    i._mutex_initialize  rtx_lib.o
    0x080065f2   0x080065f2   0x00000012   Code   RO          546    i._mutex_release    rtx_lib.o
    0x08006604   0x08006604   0x00000008   Code   RO          547    i._platform_post_stackheap_init  rtx_lib.o
    0x0800660c   0x0800660c   0x0000001c   Code   RO          348    i.app_main          thread.o
    0x08006628   0x08006628   0x0000001a   Code   RO         3634    i.fputc             c_w.l(fputc.o)
    0x08006642   0x08006642   0x00000002   PAD
    0x08006644   0x08006644   0x0000005c   Code   RO          400    i.init_USART        usart.o
    0x080066a0   0x080066a0   0x0000002c   Code   RO          509    i.init_Watchdog     watchdog.o
    0x080066cc   0x080066cc   0x000000d8   Code   RO          437    i.init_speaker      speaker.o
    0x080067a4   0x080067a4   0x00000064   Code   RO            7    i.main              main.o
    0x08006808   0x08006808   0x00000020   Code   RO          626    i.osRtxErrorNotify  rtx_config.o
    0x08006828   0x08006828   0x00000004   Code   RO          627    i.osRtxIdleThread   rtx_config.o
    0x0800682c   0x0800682c   0x00000020   Code   RO          548    i.os_kernel_is_active  rtx_lib.o
    0x0800684c   0x0800684c   0x00000250   Code   RO          349    i.rebotes           thread.o
    0x08006a9c   0x08006a9c   0x00000010   Code   RO          510    i.reset_Watchdog    watchdog.o
    0x08006aac   0x08006aac   0x00000050   Code   RO          401    i.tx_USART          usart.o
    0x08006afc   0x08006afc   0x00000020   Code   RO          438    i.zumbido           speaker.o
    0x08006b1c   0x08006b1c   0x0000000a   Code   RO         3859    x$fpl$fpinit        fz_wm.l(fpinit.o)
    0x08006b26   0x08006b26   0x00000002   PAD
    0x08006b28   0x08006b28   0x00000024   Data   RO          351    .constdata          thread.o
    0x08006b4c   0x08006b4c   0x00000064   Data   RO          555    .constdata          rtx_lib.o
    0x08006bb0   0x08006bb0   0x00000088   Data   RO          692    .constdata          usart_stm32f4xx.o
    0x08006c38   0x08006c38   0x00000018   Data   RO         3010    .constdata          system_stm32f4xx.o
    0x08006c50   0x08006c50   0x00000001   Data   RO         3296    .constdata          RTX_CM4F.lib(irq_cm4f.o)
    0x08006c51   0x08006c51   0x00000028   Data   RO         3542    .constdata          c_w.l(_printf_hex_ptr.o)
    0x08006c79   0x08006c79   0x00000011   Data   RO         3571    .constdata          c_w.l(__printf_flags_ss_wp.o)
    0x08006c8a   0x08006c8a   0x00000004   Data   RO         3646    .constdata          c_w.l(sys_io.o)
    0x08006c8e   0x08006c8e   0x00000004   Data   RO         3647    .constdata          c_w.l(sys_io.o)
    0x08006c92   0x08006c92   0x00000004   Data   RO         3648    .constdata          c_w.l(sys_io.o)
    0x08006c96   0x08006c96   0x00000002   PAD
    0x08006c98   0x08006c98   0x000000a0   Data   RO          557    .rodata             rtx_lib.o
    0x08006d38   0x08006d38   0x0000000b   Data   RO         3097    .rodata.str1.4      RTX_CM4F.lib(rtx_kernel.o)
    0x08006d43   0x08006d43   0x00000001   PAD
    0x08006d44   0x08006d44   0x00000020   Data   RO         3945    Region$$Table       anon$$obj.o


    Execution Region RW_IRAM1 (Exec base: 0x20000000, Load base: 0x08006d64, Size: 0x00009518, Max: 0x00030000, ABSOLUTE, COMPRESSED[0x00000184])

    Exec Addr    Load Addr    Size         Type   Attr      Idx    E Section Name        Object

    0x20000000   COMPRESSED   0x00008040   Data   RW          549    .bss.os             rtx_lib.o
    0x20008040   COMPRESSED   0x000001f0   Data   RW          550    .bss.os.libspace    rtx_lib.o
    0x20008230   COMPRESSED   0x00000034   Data   RW          551    .bss.os.msgqueue.cb  rtx_lib.o
    0x20008264   COMPRESSED   0x00000050   Data   RW          552    .bss.os.msgqueue.mem  rtx_lib.o
    0x200082b4   COMPRESSED   0x00000088   Data   RW          553    .bss.os.thread.cb   rtx_lib.o
    0x2000833c   COMPRESSED   0x00000004   PAD
    0x20008340   COMPRESSED   0x00000400   Data   RW          554    .bss.os.thread.stack  rtx_lib.o
    0x20008740   COMPRESSED   0x00000004   Data   RW            8    .data               main.o
    0x20008744   COMPRESSED   0x000000b0   Data   RW          308    .data               joystick.o
    0x200087f4   COMPRESSED   0x0000002c   Data   RW          352    .data               thread.o
    0x20008820   COMPRESSED   0x00000004   Data   RW          402    .data               usart.o
    0x20008824   COMPRESSED   0x00000005   Data   RW          556    .data               rtx_lib.o
    0x20008829   COMPRESSED   0x00000003   PAD
    0x2000882c   COMPRESSED   0x00000009   Data   RW          884    .data               stm32f4xx_hal.o
    0x20008835   COMPRESSED   0x00000003   PAD
    0x20008838   COMPRESSED   0x00000004   Data   RW         3011    .data               system_stm32f4xx.o
    0x2000883c   COMPRESSED   0x00000004   Data   RW         3607    .data               c_w.l(stdio_streams.o)
    0x20008840   COMPRESSED   0x00000004   Data   RW         3608    .data               c_w.l(stdio_streams.o)
    0x20008844   COMPRESSED   0x00000004   Data   RW         3609    .data               c_w.l(stdio_streams.o)
    0x20008848   COMPRESSED   0x00000004   Data   RW         3712    .data               c_w.l(streamlock.o)
    0x2000884c   COMPRESSED   0x000000a4   Data   RW         3098    .data.os            RTX_CM4F.lib(rtx_kernel.o)
    0x200088f0        -       0x00000400   Zero   RW          350    .bss                thread.o
    0x20008cf0        -       0x00000040   Zero   RW          439    .bss                speaker.o
    0x20008d30        -       0x00000040   Zero   RW          473    .bss                delay.o
    0x20008d70        -       0x0000000c   Zero   RW          511    .bss                watchdog.o
    0x20008d7c        -       0x00000038   Zero   RW          691    .bss                usart_stm32f4xx.o
    0x20008db4        -       0x00000054   Zero   RW         3604    .bss                c_w.l(stdio_streams.o)
    0x20008e08        -       0x00000054   Zero   RW         3605    .bss                c_w.l(stdio_streams.o)
    0x20008e5c        -       0x00000054   Zero   RW         3606    .bss                c_w.l(stdio_streams.o)
    0x20008eb0        -       0x00000060   Zero   RW         3799    .bss                c_w.l(libspace.o)
    0x20008f10        -       0x00000001   Zero   RW         3444    .bss.PendST         RTX_CM4F.lib(os_systick.o)
    0x20008f11   COMPRESSED   0x00000007   PAD
    0x20008f18        -       0x00000200   Zero   RW         2999    HEAP                startup_stm32f429xx.o
    0x20009118        -       0x00000400   Zero   RW         2998    STACK               startup_stm32f429xx.o


==============================================================================

Image component sizes


      Code (inc. data)   RO Data    RW Data    ZI Data      Debug   Object Name

       178         16          0          0         64       1971   delay.o
       676         94          0        176          0       3963   joystick.o
       740        320          0          4          0     753265   main.o
        36          6          0          0          0       1077   rtx_config.o
       214         12        260      34625          0      13734   rtx_lib.o
       248         12          0          0         64       1517   speaker.o
        64         26        428          0       1536        876   startup_stm32f429xx.o
       124         16          0          9          0       8369   stm32f4xx_hal.o
       356         28          0          0          0      35881   stm32f4xx_hal_cortex.o
       170          0          0          0          0       1640   stm32f4xx_hal_dma.o
       980        106          0          0          0       5180   stm32f4xx_hal_gpio.o
        94          0          0          0          0       2159   stm32f4xx_hal_iwdg.o
       268         28          0          0          0       2351   stm32f4xx_hal_msp.o
       140         12          0          0          0       1612   stm32f4xx_hal_pwr_ex.o
      1768         74          0          0          0       5681   stm32f4xx_hal_rcc.o
      1708        100          0          0          0      15170   stm32f4xx_hal_tim.o
       296         30          0          0          0       2568   stm32f4xx_hal_tim_ex.o
        70          0          0          0          0       4655   stm32f4xx_it.o
       220         26         24          4          0       2219   system_stm32f4xx.o
       908        212         36         44       1024       3460   thread.o
       172         12          0          4          0       2040   usart.o
      5884        240        136          0         56      59918   usart_stm32f4xx.o
        60         16          0          0         12       1214   watchdog.o

    ----------------------------------------------------------------------
     15394       1386        916      34876       2756     930520   Object Totals
         0          0         32          0          0          0   (incl. Generated)
        20          0          0         10          0          0   (incl. Padding)

    ----------------------------------------------------------------------

      Code (inc. data)   RO Data    RW Data    ZI Data      Debug   Library Member Name

       196         12          1          0          0        540   irq_cm4f.o
       126         32          0          0          1       3108   os_systick.o
        56          4          0          0          0       2854   rtx_delay.o
       666         60         11        164          0      17231   rtx_kernel.o
       242          0          0          0          0       2478   rtx_memory.o
       186          0          0          0          0      16576   rtx_mempool.o
      1350         28          0          0          0      18694   rtx_msgqueue.o
       890         32          0          0          0      10004   rtx_mutex.o
       368         26          0          0          0       5437   rtx_system.o
      2090        124          0          0          0      32850   rtx_thread.o
       216         20          0          0          0      10445   rtx_timer.o
        24          4          0          0          0         84   __2printf.o
        44          6          0          0          0         84   __2sprintf.o
        90          0          0          0          0          0   __dczerorl2.o
         8          0          0          0          0         68   __main.o
       392          4         17          0          0         92   __printf_flags_ss_wp.o
        14          0          0          0          0         68   __printf_wp.o
         0          0          0          0          0          0   __rtentry.o
        20          0          0          0          0          0   __rtentry2.o
         6          0          0          0          0          0   __rtentry4.o
        52          8          0          0          0          0   __scatter.o
        28          0          0          0          0          0   __scatter_zi.o
        44          0          0          0          0        108   _printf_char.o
        48          6          0          0          0         96   _printf_char_common.o
        64          6          0          0          0         84   _printf_char_file_locked.o
        40          0          0          0          0         68   _printf_charcount.o
         6          0          0          0          0          0   _printf_d.o
       120         16          0          0          0         92   _printf_dec.o
        84          6         40          0          0         88   _printf_hex_ptr.o
       178          0          0          0          0         88   _printf_intcommon.o
         6          0          0          0          0          0   _printf_n.o
         6          0          0          0          0          0   _printf_p.o
        78          0          0          0          0        108   _printf_pad.o
         0          0          0          0          0          0   _printf_percent.o
         4          0          0          0          0          0   _printf_percent_end.o
         6          0          0          0          0          0   _printf_s.o
        82          0          0          0          0         80   _printf_str.o
        10          0          0          0          0         68   _sputc.o
        10          0          0          0          0         68   defsig_exit.o
        50          0          0          0          0         88   defsig_general.o
        80         58          0          0          0         76   defsig_rtmem_inner.o
        14          0          0          0          0         80   defsig_rtmem_outer.o
        52         38          0          0          0         76   defsig_rtred_inner.o
        14          0          0          0          0         80   defsig_rtred_outer.o
        18          0          0          0          0         80   exit.o
        76          0          0          0          0         88   fclose.o
       470          0          0          0          0         88   flsbuf.o
       324          8          0          0          0        152   fopen_locked.o
        26          0          0          0          0         68   fputc.o
       248          6          0          0          0         84   fseek.o
        66          0          0          0          0         76   ftell.o
       158          0          0          0          0        128   h1_alloc_mt.o
        62          0          0          0          0         80   h1_extend_mt.o
        10          0          0          0          0         76   h1_final_mt.o
       118          0          0          0          0        108   h1_free_mt.o
        18          0          0          0          0         84   h1_init_mt.o
         6          0          0          0          0        152   heapauxi.o
         4          0          0          0          0        136   hguard.o
         0          0          0          0          0          0   indicate_semi.o
       138          0          0          0          0        168   init_alloc.o
       456         48          0          0          0        116   initio_locked.o
         2          0          0          0          0          0   libinit.o
        18          0          0          0          0          0   libinit2.o
         2          0          0          0          0          0   libshutdown.o
        10          0          0          0          0          0   libshutdown2.o
         8          4          0          0         96         68   libspace.o
       238          0          0          0          0        100   lludivv7m.o
         0          0          0          0          0          0   maybetermalloc2.o
         4          0          0          0          0         68   rt_errno_addr_twolibspace.o
        10          0          0          0          0         76   rt_heap_descriptor_twolibspace.o
        68          0          0          0          0         68   rt_memclr.o
        78          0          0          0          0         80   rt_memclr_w.o
       138          0          0          0          0         68   rt_memcpy_v6.o
       100          0          0          0          0         80   rt_memcpy_w.o
         2          0          0          0          0          0   rtexit.o
        10          0          0          0          0          0   rtexit2.o
       104          0          0          0          0         88   setvbuf_locked.o
       240          6          0          0          0        156   stdio.o
         0          0          0         12        252          0   stdio_streams.o
         0          0          0          4          0          0   streamlock.o
        62          0          0          0          0         76   strlen.o
        12          4          0          0          0         68   sys_exit.o
       102          0         12          0          0        240   sys_io.o
        74          0          0          0          0         80   sys_stackheap_outer.o
        14          0          0          0          0         76   sys_wrch.o
        16          0          0          0          0         80   term_alloc.o
         2          0          0          0          0         68   use_no_semi.o
        10          0          0          0          0        116   fpinit.o

    ----------------------------------------------------------------------
     11610        566         84        180        356     125301   Library Totals
        28          0          3          0          7          0   (incl. Padding)

    ----------------------------------------------------------------------

      Code (inc. data)   RO Data    RW Data    ZI Data      Debug   Library Name

      6386        338         12        164          1     120217   RTX_CM4F.lib
      5186        228         69         16        348       4968   c_w.l
        10          0          0          0          0        116   fz_wm.l

    ----------------------------------------------------------------------
     11610        566         84        180        356     125301   Library Totals

    ----------------------------------------------------------------------

==============================================================================


      Code (inc. data)   RO Data    RW Data    ZI Data      Debug   

     27004       1952       1000      35056       3112    1041925   Grand Totals
     27004       1952       1000        388       3112    1041925   ELF Image Totals (compressed)
     27004       1952       1000        388          0          0   ROM Totals

==============================================================================

    Total RO  Size (Code + RO Data)                28004 (  27.35kB)
    Total RW  Size (RW Data + ZI Data)             38168 (  37.27kB)
    Total ROM Size (Code + RO Data + RW Data)      28392 (  27.73kB)

==============================================================================

